<!doctype html public "-//w3c//dtd html 4.0 transitional//en">
<html><head>
<title>Static Call Graph - [.\HT32F1755_2755_DVB\Obj\HT32F1755_2755_DVB.axf]</title></head>
<body><HR>
<H1>Static Call Graph for image .\HT32F1755_2755_DVB\Obj\HT32F1755_2755_DVB.axf</H1><HR>
<BR><P>#&#060CALLGRAPH&#062# ARM Linker, 5060061: Last Updated: Tue Mar 08 15:35:53 2016
<BR><P>
<H3>Maximum Stack Usage =         24 bytes + Unknown(Cycles, Untraceable Function Pointers)</H3><H3>
Call chain for Maximum Stack Depth:</H3>
main &rArr; GPTM_Configuration
<P>
<H3>
Mutually Recursive functions
</H3> <LI><a href="#[4]">BusFault_Handler</a>&nbsp;&nbsp;&nbsp;&rArr;&nbsp;&nbsp;&nbsp;<a href="#[4]">BusFault_Handler</a><BR>
 <LI><a href="#[2]">HardFault_Handler</a>&nbsp;&nbsp;&nbsp;&rArr;&nbsp;&nbsp;&nbsp;<a href="#[2]">HardFault_Handler</a><BR>
 <LI><a href="#[3]">MemManage_Handler</a>&nbsp;&nbsp;&nbsp;&rArr;&nbsp;&nbsp;&nbsp;<a href="#[3]">MemManage_Handler</a><BR>
 <LI><a href="#[5]">UsageFault_Handler</a>&nbsp;&nbsp;&nbsp;&rArr;&nbsp;&nbsp;&nbsp;<a href="#[5]">UsageFault_Handler</a><BR>
</UL>
<P>
<H3>
Function Pointers
</H3><UL>
 <LI><a href="#[23]">ADC_IRQHandler</a> from ht32f175x_275x_it.o(i.ADC_IRQHandler) referenced from startup_ht32f175x_275x.o(RESET)
 <LI><a href="#[2a]">BFTM0_IRQHandler</a> from ht32f175x_275x_it.o(i.BFTM0_IRQHandler) referenced from startup_ht32f175x_275x.o(RESET)
 <LI><a href="#[2b]">BFTM1_IRQHandler</a> from ht32f175x_275x_it.o(i.BFTM1_IRQHandler) referenced from startup_ht32f175x_275x.o(RESET)
 <LI><a href="#[c]">BOD_IRQHandler</a> from ht32f175x_275x_it.o(i.BOD_IRQHandler) referenced from startup_ht32f175x_275x.o(RESET)
 <LI><a href="#[4]">BusFault_Handler</a> from ht32f175x_275x_it.o(i.BusFault_Handler) referenced from startup_ht32f175x_275x.o(RESET)
 <LI><a href="#[a]">CKRDY_IRQHandler</a> from ht32f175x_275x_it.o(i.CKRDY_IRQHandler) referenced from startup_ht32f175x_275x.o(RESET)
 <LI><a href="#[22]">COMP_IRQHandler</a> from ht32f175x_275x_it.o(i.COMP_IRQHandler) referenced from startup_ht32f175x_275x.o(RESET)
 <LI><a href="#[40]">CSIF_IRQHandler</a> from ht32f175x_275x_it.o(i.CSIF_IRQHandler) referenced from startup_ht32f175x_275x.o(RESET)
 <LI><a href="#[7]">DebugMon_Handler</a> from ht32f175x_275x_it.o(i.DebugMon_Handler) referenced from startup_ht32f175x_275x.o(RESET)
 <LI><a href="#[10]">EVWUP_IRQHandler</a> from ht32f175x_275x_it.o(i.EVWUP_IRQHandler) referenced from startup_ht32f175x_275x.o(RESET)
 <LI><a href="#[12]">EXTI0_IRQHandler</a> from ht32f175x_275x_it.o(i.EXTI0_IRQHandler) referenced from startup_ht32f175x_275x.o(RESET)
 <LI><a href="#[1c]">EXTI10_IRQHandler</a> from ht32f175x_275x_it.o(i.EXTI10_IRQHandler) referenced from startup_ht32f175x_275x.o(RESET)
 <LI><a href="#[1d]">EXTI11_IRQHandler</a> from ht32f175x_275x_it.o(i.EXTI11_IRQHandler) referenced from startup_ht32f175x_275x.o(RESET)
 <LI><a href="#[1e]">EXTI12_IRQHandler</a> from ht32f175x_275x_it.o(i.EXTI12_IRQHandler) referenced from startup_ht32f175x_275x.o(RESET)
 <LI><a href="#[1f]">EXTI13_IRQHandler</a> from ht32f175x_275x_it.o(i.EXTI13_IRQHandler) referenced from startup_ht32f175x_275x.o(RESET)
 <LI><a href="#[20]">EXTI14_IRQHandler</a> from ht32f175x_275x_it.o(i.EXTI14_IRQHandler) referenced from startup_ht32f175x_275x.o(RESET)
 <LI><a href="#[21]">EXTI15_IRQHandler</a> from ht32f175x_275x_it.o(i.EXTI15_IRQHandler) referenced from startup_ht32f175x_275x.o(RESET)
 <LI><a href="#[13]">EXTI1_IRQHandler</a> from ht32f175x_275x_it.o(i.EXTI1_IRQHandler) referenced from startup_ht32f175x_275x.o(RESET)
 <LI><a href="#[14]">EXTI2_IRQHandler</a> from ht32f175x_275x_it.o(i.EXTI2_IRQHandler) referenced from startup_ht32f175x_275x.o(RESET)
 <LI><a href="#[15]">EXTI3_IRQHandler</a> from ht32f175x_275x_it.o(i.EXTI3_IRQHandler) referenced from startup_ht32f175x_275x.o(RESET)
 <LI><a href="#[16]">EXTI4_IRQHandler</a> from ht32f175x_275x_it.o(i.EXTI4_IRQHandler) referenced from startup_ht32f175x_275x.o(RESET)
 <LI><a href="#[17]">EXTI5_IRQHandler</a> from ht32f175x_275x_it.o(i.EXTI5_IRQHandler) referenced from startup_ht32f175x_275x.o(RESET)
 <LI><a href="#[18]">EXTI6_IRQHandler</a> from ht32f175x_275x_it.o(i.EXTI6_IRQHandler) referenced from startup_ht32f175x_275x.o(RESET)
 <LI><a href="#[19]">EXTI7_IRQHandler</a> from ht32f175x_275x_it.o(i.EXTI7_IRQHandler) referenced from startup_ht32f175x_275x.o(RESET)
 <LI><a href="#[1a]">EXTI8_IRQHandler</a> from ht32f175x_275x_it.o(i.EXTI8_IRQHandler) referenced from startup_ht32f175x_275x.o(RESET)
 <LI><a href="#[1b]">EXTI9_IRQHandler</a> from ht32f175x_275x_it.o(i.EXTI9_IRQHandler) referenced from startup_ht32f175x_275x.o(RESET)
 <LI><a href="#[f]">FLASH_IRQHandler</a> from ht32f175x_275x_it.o(i.FLASH_IRQHandler) referenced from startup_ht32f175x_275x.o(RESET)
 <LI><a href="#[28]">GPTM0_IRQHandler</a> from ht32f175x_275x_it.o(i.GPTM0_IRQHandler) referenced from startup_ht32f175x_275x.o(RESET)
 <LI><a href="#[29]">GPTM1_IRQHandler</a> from ht32f175x_275x_it.o(i.GPTM1_IRQHandler) referenced from startup_ht32f175x_275x.o(RESET)
 <LI><a href="#[2]">HardFault_Handler</a> from ht32f175x_275x_it.o(i.HardFault_Handler) referenced from startup_ht32f175x_275x.o(RESET)
 <LI><a href="#[2c]">I2C0_IRQHandler</a> from ht32f175x_275x_it.o(i.I2C0_IRQHandler) referenced from startup_ht32f175x_275x.o(RESET)
 <LI><a href="#[2d]">I2C1_IRQHandler</a> from ht32f175x_275x_it.o(i.I2C1_IRQHandler) referenced from startup_ht32f175x_275x.o(RESET)
 <LI><a href="#[11]">LPWUP_IRQHandler</a> from ht32f175x_275x_it.o(i.LPWUP_IRQHandler) referenced from startup_ht32f175x_275x.o(RESET)
 <LI><a href="#[b]">LVD_IRQHandler</a> from ht32f175x_275x_it.o(i.LVD_IRQHandler) referenced from startup_ht32f175x_275x.o(RESET)
 <LI><a href="#[24]">MCTMBRK_IRQHandler</a> from ht32f175x_275x_it.o(i.MCTMBRK_IRQHandler) referenced from startup_ht32f175x_275x.o(RESET)
 <LI><a href="#[27]">MCTMCC_IRQHandler</a> from ht32f175x_275x_it.o(i.MCTMCC_IRQHandler) referenced from startup_ht32f175x_275x.o(RESET)
 <LI><a href="#[26]">MCTMTR_IRQHandler</a> from ht32f175x_275x_it.o(i.MCTMTR_IRQHandler) referenced from startup_ht32f175x_275x.o(RESET)
 <LI><a href="#[25]">MCTMUP_IRQHandler</a> from ht32f175x_275x_it.o(i.MCTMUP_IRQHandler) referenced from startup_ht32f175x_275x.o(RESET)
 <LI><a href="#[3]">MemManage_Handler</a> from ht32f175x_275x_it.o(i.MemManage_Handler) referenced from startup_ht32f175x_275x.o(RESET)
 <LI><a href="#[1]">NMI_Handler</a> from ht32f175x_275x_it.o(i.NMI_Handler) referenced from startup_ht32f175x_275x.o(RESET)
 <LI><a href="#[34]">PDMA_CH0_IRQHandler</a> from ht32f175x_275x_it.o(i.PDMA_CH0_IRQHandler) referenced from startup_ht32f175x_275x.o(RESET)
 <LI><a href="#[3e]">PDMA_CH10_IRQHandler</a> from ht32f175x_275x_it.o(i.PDMA_CH10_IRQHandler) referenced from startup_ht32f175x_275x.o(RESET)
 <LI><a href="#[3f]">PDMA_CH11_IRQHandler</a> from ht32f175x_275x_it.o(i.PDMA_CH11_IRQHandler) referenced from startup_ht32f175x_275x.o(RESET)
 <LI><a href="#[35]">PDMA_CH1_IRQHandler</a> from ht32f175x_275x_it.o(i.PDMA_CH1_IRQHandler) referenced from startup_ht32f175x_275x.o(RESET)
 <LI><a href="#[36]">PDMA_CH2_IRQHandler</a> from ht32f175x_275x_it.o(i.PDMA_CH2_IRQHandler) referenced from startup_ht32f175x_275x.o(RESET)
 <LI><a href="#[37]">PDMA_CH3_IRQHandler</a> from ht32f175x_275x_it.o(i.PDMA_CH3_IRQHandler) referenced from startup_ht32f175x_275x.o(RESET)
 <LI><a href="#[38]">PDMA_CH4_IRQHandler</a> from ht32f175x_275x_it.o(i.PDMA_CH4_IRQHandler) referenced from startup_ht32f175x_275x.o(RESET)
 <LI><a href="#[39]">PDMA_CH5_IRQHandler</a> from ht32f175x_275x_it.o(i.PDMA_CH5_IRQHandler) referenced from startup_ht32f175x_275x.o(RESET)
 <LI><a href="#[3a]">PDMA_CH6_IRQHandler</a> from ht32f175x_275x_it.o(i.PDMA_CH6_IRQHandler) referenced from startup_ht32f175x_275x.o(RESET)
 <LI><a href="#[3b]">PDMA_CH7_IRQHandler</a> from ht32f175x_275x_it.o(i.PDMA_CH7_IRQHandler) referenced from startup_ht32f175x_275x.o(RESET)
 <LI><a href="#[3c]">PDMA_CH8_IRQHandler</a> from ht32f175x_275x_it.o(i.PDMA_CH8_IRQHandler) referenced from startup_ht32f175x_275x.o(RESET)
 <LI><a href="#[3d]">PDMA_CH9_IRQHandler</a> from ht32f175x_275x_it.o(i.PDMA_CH9_IRQHandler) referenced from startup_ht32f175x_275x.o(RESET)
 <LI><a href="#[8]">PendSV_Handler</a> from ht32f175x_275x_it.o(i.PendSV_Handler) referenced from startup_ht32f175x_275x.o(RESET)
 <LI><a href="#[e]">RTC_IRQHandler</a> from ht32f175x_275x_it.o(i.RTC_IRQHandler) referenced from startup_ht32f175x_275x.o(RESET)
 <LI><a href="#[44]">Reset_Handler</a> from startup_ht32f175x_275x.o(RESET) referenced from startup_ht32f175x_275x.o(RESET)
 <LI><a href="#[32]">SCI_IRQHandler</a> from ht32f175x_275x_it.o(i.SCI_IRQHandler) referenced from startup_ht32f175x_275x.o(RESET)
 <LI><a href="#[2e]">SPI0_IRQHandler</a> from ht32f175x_275x_it.o(i.SPI0_IRQHandler) referenced from startup_ht32f175x_275x.o(RESET)
 <LI><a href="#[2f]">SPI1_IRQHandler</a> from ht32f175x_275x_it.o(i.SPI1_IRQHandler) referenced from startup_ht32f175x_275x.o(RESET)
 <LI><a href="#[6]">SVC_Handler</a> from ht32f175x_275x_it.o(i.SVC_Handler) referenced from startup_ht32f175x_275x.o(RESET)
 <LI><a href="#[9]">SysTick_Handler</a> from ht32f175x_275x_it.o(i.SysTick_Handler) referenced from startup_ht32f175x_275x.o(RESET)
 <LI><a href="#[41]">SystemInit</a> from system_ht32f175x_275x.o(i.SystemInit) referenced from startup_ht32f175x_275x.o(RESET)
 <LI><a href="#[30]">USART0_IRQHandler</a> from ht32f175x_275x_it.o(i.USART0_IRQHandler) referenced from startup_ht32f175x_275x.o(RESET)
 <LI><a href="#[31]">USART1_IRQHandler</a> from ht32f175x_275x_it.o(i.USART1_IRQHandler) referenced from startup_ht32f175x_275x.o(RESET)
 <LI><a href="#[33]">USB_IRQHandler</a> from ht32f175x_275x_it.o(i.USB_IRQHandler) referenced from startup_ht32f175x_275x.o(RESET)
 <LI><a href="#[5]">UsageFault_Handler</a> from ht32f175x_275x_it.o(i.UsageFault_Handler) referenced from startup_ht32f175x_275x.o(RESET)
 <LI><a href="#[d]">WDT_IRQHandler</a> from ht32f175x_275x_it.o(i.WDT_IRQHandler) referenced from startup_ht32f175x_275x.o(RESET)
 <LI><a href="#[42]">__main</a> from entry.o(.ARM.Collect$$$$00000000) referenced from startup_ht32f175x_275x.o(RESET)
 <LI><a href="#[43]">main</a> from main.o(i.main) referenced from entry9a.o(.ARM.Collect$$$$0000000B)
</UL>
<P>
<H3>
Global Symbols
</H3>
<P><STRONG><a name="[44]"></a>Reset_Handler</STRONG> (Thumb, 8 bytes, Stack size 0 bytes, startup_ht32f175x_275x.o(RESET))

<P><STRONG><a name="[42]"></a>__main</STRONG> (Thumb, 0 bytes, Stack size unknown bytes, entry.o(.ARM.Collect$$$$00000000))
<BR>[Address Reference Count : 1]<UL><LI> startup_ht32f175x_275x.o(RESET)
</UL>
<P><STRONG><a name="[55]"></a>_main_stk</STRONG> (Thumb, 0 bytes, Stack size unknown bytes, entry2.o(.ARM.Collect$$$$00000001))

<P><STRONG><a name="[45]"></a>_main_scatterload</STRONG> (Thumb, 0 bytes, Stack size unknown bytes, entry5.o(.ARM.Collect$$$$00000004))
<BR><BR>[Calls]<UL><LI><a href="#[46]">&gt;&gt;</a>&nbsp;&nbsp;&nbsp;__scatterload
</UL>

<P><STRONG><a name="[47]"></a>__main_after_scatterload</STRONG> (Thumb, 0 bytes, Stack size unknown bytes, entry5.o(.ARM.Collect$$$$00000004))
<BR><BR>[Called By]<UL><LI><a href="#[46]">&gt;&gt;</a>&nbsp;&nbsp;&nbsp;__scatterload
</UL>

<P><STRONG><a name="[56]"></a>_main_clock</STRONG> (Thumb, 0 bytes, Stack size unknown bytes, entry7b.o(.ARM.Collect$$$$00000008))

<P><STRONG><a name="[57]"></a>_main_cpp_init</STRONG> (Thumb, 0 bytes, Stack size unknown bytes, entry8b.o(.ARM.Collect$$$$0000000A))

<P><STRONG><a name="[58]"></a>_main_init</STRONG> (Thumb, 0 bytes, Stack size unknown bytes, entry9a.o(.ARM.Collect$$$$0000000B))

<P><STRONG><a name="[59]"></a>__rt_final_cpp</STRONG> (Thumb, 0 bytes, Stack size unknown bytes, entry10a.o(.ARM.Collect$$$$0000000D))

<P><STRONG><a name="[5a]"></a>__rt_final_exit</STRONG> (Thumb, 0 bytes, Stack size unknown bytes, entry11a.o(.ARM.Collect$$$$0000000F))

<P><STRONG><a name="[46]"></a>__scatterload</STRONG> (Thumb, 28 bytes, Stack size 0 bytes, init.o(.text))
<BR><BR>[Calls]<UL><LI><a href="#[47]">&gt;&gt;</a>&nbsp;&nbsp;&nbsp;__main_after_scatterload
</UL>
<BR>[Called By]<UL><LI><a href="#[45]">&gt;&gt;</a>&nbsp;&nbsp;&nbsp;_main_scatterload
</UL>

<P><STRONG><a name="[5b]"></a>__scatterload_rt2</STRONG> (Thumb, 0 bytes, Stack size 0 bytes, init.o(.text), UNUSED)

<P><STRONG><a name="[23]"></a>ADC_IRQHandler</STRONG> (Thumb, 2 bytes, Stack size 0 bytes, ht32f175x_275x_it.o(i.ADC_IRQHandler))
<BR>[Address Reference Count : 1]<UL><LI> startup_ht32f175x_275x.o(RESET)
</UL>
<P><STRONG><a name="[2a]"></a>BFTM0_IRQHandler</STRONG> (Thumb, 2 bytes, Stack size 0 bytes, ht32f175x_275x_it.o(i.BFTM0_IRQHandler))
<BR>[Address Reference Count : 1]<UL><LI> startup_ht32f175x_275x.o(RESET)
</UL>
<P><STRONG><a name="[2b]"></a>BFTM1_IRQHandler</STRONG> (Thumb, 2 bytes, Stack size 0 bytes, ht32f175x_275x_it.o(i.BFTM1_IRQHandler))
<BR>[Address Reference Count : 1]<UL><LI> startup_ht32f175x_275x.o(RESET)
</UL>
<P><STRONG><a name="[c]"></a>BOD_IRQHandler</STRONG> (Thumb, 2 bytes, Stack size 0 bytes, ht32f175x_275x_it.o(i.BOD_IRQHandler))
<BR>[Address Reference Count : 1]<UL><LI> startup_ht32f175x_275x.o(RESET)
</UL>
<P><STRONG><a name="[4]"></a>BusFault_Handler</STRONG> (Thumb, 2 bytes, Stack size 0 bytes, ht32f175x_275x_it.o(i.BusFault_Handler))
<BR><BR>[Calls]<UL><LI><a href="#[4]">&gt;&gt;</a>&nbsp;&nbsp;&nbsp;BusFault_Handler
</UL>
<BR>[Called By]<UL><LI><a href="#[4]">&gt;&gt;</a>&nbsp;&nbsp;&nbsp;BusFault_Handler
</UL>
<BR>[Address Reference Count : 1]<UL><LI> startup_ht32f175x_275x.o(RESET)
</UL>
<P><STRONG><a name="[51]"></a>CKCU_APBPerip0ClockConfig</STRONG> (Thumb, 18 bytes, Stack size 0 bytes, ht32f175x_275x_ckcu.o(i.CKCU_APBPerip0ClockConfig))
<BR><BR>[Called By]<UL><LI><a href="#[43]">&gt;&gt;</a>&nbsp;&nbsp;&nbsp;main
</UL>

<P><STRONG><a name="[4f]"></a>CKCU_APBPerip1ClockConfig</STRONG> (Thumb, 18 bytes, Stack size 0 bytes, ht32f175x_275x_ckcu.o(i.CKCU_APBPerip1ClockConfig))
<BR><BR>[Called By]<UL><LI><a href="#[43]">&gt;&gt;</a>&nbsp;&nbsp;&nbsp;main
</UL>

<P><STRONG><a name="[a]"></a>CKRDY_IRQHandler</STRONG> (Thumb, 2 bytes, Stack size 0 bytes, ht32f175x_275x_it.o(i.CKRDY_IRQHandler))
<BR>[Address Reference Count : 1]<UL><LI> startup_ht32f175x_275x.o(RESET)
</UL>
<P><STRONG><a name="[22]"></a>COMP_IRQHandler</STRONG> (Thumb, 2 bytes, Stack size 0 bytes, ht32f175x_275x_it.o(i.COMP_IRQHandler))
<BR>[Address Reference Count : 1]<UL><LI> startup_ht32f175x_275x.o(RESET)
</UL>
<P><STRONG><a name="[40]"></a>CSIF_IRQHandler</STRONG> (Thumb, 2 bytes, Stack size 0 bytes, ht32f175x_275x_it.o(i.CSIF_IRQHandler))
<BR>[Address Reference Count : 1]<UL><LI> startup_ht32f175x_275x.o(RESET)
</UL>
<P><STRONG><a name="[7]"></a>DebugMon_Handler</STRONG> (Thumb, 2 bytes, Stack size 0 bytes, ht32f175x_275x_it.o(i.DebugMon_Handler))
<BR>[Address Reference Count : 1]<UL><LI> startup_ht32f175x_275x.o(RESET)
</UL>
<P><STRONG><a name="[48]"></a>DelayMS</STRONG> (Thumb, 44 bytes, Stack size 16 bytes, main.o(i.DelayMS))
<BR><BR>[Stack]<UL><LI>Max Depth = 16<LI>Call Chain = DelayMS
</UL>
<BR>[Calls]<UL><LI><a href="#[49]">&gt;&gt;</a>&nbsp;&nbsp;&nbsp;GPTM_SetCounter
<LI><a href="#[4b]">&gt;&gt;</a>&nbsp;&nbsp;&nbsp;GPTM_GetFlagStatus
<LI><a href="#[4a]">&gt;&gt;</a>&nbsp;&nbsp;&nbsp;GPTM_ClearFlag
</UL>
<BR>[Called By]<UL><LI><a href="#[43]">&gt;&gt;</a>&nbsp;&nbsp;&nbsp;main
</UL>

<P><STRONG><a name="[10]"></a>EVWUP_IRQHandler</STRONG> (Thumb, 2 bytes, Stack size 0 bytes, ht32f175x_275x_it.o(i.EVWUP_IRQHandler))
<BR>[Address Reference Count : 1]<UL><LI> startup_ht32f175x_275x.o(RESET)
</UL>
<P><STRONG><a name="[12]"></a>EXTI0_IRQHandler</STRONG> (Thumb, 2 bytes, Stack size 0 bytes, ht32f175x_275x_it.o(i.EXTI0_IRQHandler))
<BR>[Address Reference Count : 1]<UL><LI> startup_ht32f175x_275x.o(RESET)
</UL>
<P><STRONG><a name="[1c]"></a>EXTI10_IRQHandler</STRONG> (Thumb, 2 bytes, Stack size 0 bytes, ht32f175x_275x_it.o(i.EXTI10_IRQHandler))
<BR>[Address Reference Count : 1]<UL><LI> startup_ht32f175x_275x.o(RESET)
</UL>
<P><STRONG><a name="[1d]"></a>EXTI11_IRQHandler</STRONG> (Thumb, 2 bytes, Stack size 0 bytes, ht32f175x_275x_it.o(i.EXTI11_IRQHandler))
<BR>[Address Reference Count : 1]<UL><LI> startup_ht32f175x_275x.o(RESET)
</UL>
<P><STRONG><a name="[1e]"></a>EXTI12_IRQHandler</STRONG> (Thumb, 2 bytes, Stack size 0 bytes, ht32f175x_275x_it.o(i.EXTI12_IRQHandler))
<BR>[Address Reference Count : 1]<UL><LI> startup_ht32f175x_275x.o(RESET)
</UL>
<P><STRONG><a name="[1f]"></a>EXTI13_IRQHandler</STRONG> (Thumb, 2 bytes, Stack size 0 bytes, ht32f175x_275x_it.o(i.EXTI13_IRQHandler))
<BR>[Address Reference Count : 1]<UL><LI> startup_ht32f175x_275x.o(RESET)
</UL>
<P><STRONG><a name="[20]"></a>EXTI14_IRQHandler</STRONG> (Thumb, 2 bytes, Stack size 0 bytes, ht32f175x_275x_it.o(i.EXTI14_IRQHandler))
<BR>[Address Reference Count : 1]<UL><LI> startup_ht32f175x_275x.o(RESET)
</UL>
<P><STRONG><a name="[21]"></a>EXTI15_IRQHandler</STRONG> (Thumb, 2 bytes, Stack size 0 bytes, ht32f175x_275x_it.o(i.EXTI15_IRQHandler))
<BR>[Address Reference Count : 1]<UL><LI> startup_ht32f175x_275x.o(RESET)
</UL>
<P><STRONG><a name="[13]"></a>EXTI1_IRQHandler</STRONG> (Thumb, 2 bytes, Stack size 0 bytes, ht32f175x_275x_it.o(i.EXTI1_IRQHandler))
<BR>[Address Reference Count : 1]<UL><LI> startup_ht32f175x_275x.o(RESET)
</UL>
<P><STRONG><a name="[14]"></a>EXTI2_IRQHandler</STRONG> (Thumb, 2 bytes, Stack size 0 bytes, ht32f175x_275x_it.o(i.EXTI2_IRQHandler))
<BR>[Address Reference Count : 1]<UL><LI> startup_ht32f175x_275x.o(RESET)
</UL>
<P><STRONG><a name="[15]"></a>EXTI3_IRQHandler</STRONG> (Thumb, 2 bytes, Stack size 0 bytes, ht32f175x_275x_it.o(i.EXTI3_IRQHandler))
<BR>[Address Reference Count : 1]<UL><LI> startup_ht32f175x_275x.o(RESET)
</UL>
<P><STRONG><a name="[16]"></a>EXTI4_IRQHandler</STRONG> (Thumb, 2 bytes, Stack size 0 bytes, ht32f175x_275x_it.o(i.EXTI4_IRQHandler))
<BR>[Address Reference Count : 1]<UL><LI> startup_ht32f175x_275x.o(RESET)
</UL>
<P><STRONG><a name="[17]"></a>EXTI5_IRQHandler</STRONG> (Thumb, 2 bytes, Stack size 0 bytes, ht32f175x_275x_it.o(i.EXTI5_IRQHandler))
<BR>[Address Reference Count : 1]<UL><LI> startup_ht32f175x_275x.o(RESET)
</UL>
<P><STRONG><a name="[18]"></a>EXTI6_IRQHandler</STRONG> (Thumb, 2 bytes, Stack size 0 bytes, ht32f175x_275x_it.o(i.EXTI6_IRQHandler))
<BR>[Address Reference Count : 1]<UL><LI> startup_ht32f175x_275x.o(RESET)
</UL>
<P><STRONG><a name="[19]"></a>EXTI7_IRQHandler</STRONG> (Thumb, 2 bytes, Stack size 0 bytes, ht32f175x_275x_it.o(i.EXTI7_IRQHandler))
<BR>[Address Reference Count : 1]<UL><LI> startup_ht32f175x_275x.o(RESET)
</UL>
<P><STRONG><a name="[1a]"></a>EXTI8_IRQHandler</STRONG> (Thumb, 2 bytes, Stack size 0 bytes, ht32f175x_275x_it.o(i.EXTI8_IRQHandler))
<BR>[Address Reference Count : 1]<UL><LI> startup_ht32f175x_275x.o(RESET)
</UL>
<P><STRONG><a name="[1b]"></a>EXTI9_IRQHandler</STRONG> (Thumb, 2 bytes, Stack size 0 bytes, ht32f175x_275x_it.o(i.EXTI9_IRQHandler))
<BR>[Address Reference Count : 1]<UL><LI> startup_ht32f175x_275x.o(RESET)
</UL>
<P><STRONG><a name="[f]"></a>FLASH_IRQHandler</STRONG> (Thumb, 2 bytes, Stack size 0 bytes, ht32f175x_275x_it.o(i.FLASH_IRQHandler))
<BR>[Address Reference Count : 1]<UL><LI> startup_ht32f175x_275x.o(RESET)
</UL>
<P><STRONG><a name="[53]"></a>GPIO_DirectionConfig</STRONG> (Thumb, 16 bytes, Stack size 0 bytes, ht32f175x_275x_gpio.o(i.GPIO_DirectionConfig))
<BR><BR>[Called By]<UL><LI><a href="#[43]">&gt;&gt;</a>&nbsp;&nbsp;&nbsp;main
</UL>

<P><STRONG><a name="[54]"></a>GPIO_WriteOutBits</STRONG> (Thumb, 10 bytes, Stack size 0 bytes, ht32f175x_275x_gpio.o(i.GPIO_WriteOutBits))
<BR><BR>[Called By]<UL><LI><a href="#[43]">&gt;&gt;</a>&nbsp;&nbsp;&nbsp;main
</UL>

<P><STRONG><a name="[28]"></a>GPTM0_IRQHandler</STRONG> (Thumb, 2 bytes, Stack size 0 bytes, ht32f175x_275x_it.o(i.GPTM0_IRQHandler))
<BR>[Address Reference Count : 1]<UL><LI> startup_ht32f175x_275x.o(RESET)
</UL>
<P><STRONG><a name="[29]"></a>GPTM1_IRQHandler</STRONG> (Thumb, 2 bytes, Stack size 0 bytes, ht32f175x_275x_it.o(i.GPTM1_IRQHandler))
<BR>[Address Reference Count : 1]<UL><LI> startup_ht32f175x_275x.o(RESET)
</UL>
<P><STRONG><a name="[4a]"></a>GPTM_ClearFlag</STRONG> (Thumb, 10 bytes, Stack size 0 bytes, ht32f175x_275x_gptm.o(i.GPTM_ClearFlag))
<BR><BR>[Called By]<UL><LI><a href="#[48]">&gt;&gt;</a>&nbsp;&nbsp;&nbsp;DelayMS
</UL>

<P><STRONG><a name="[4e]"></a>GPTM_Cmd</STRONG> (Thumb, 20 bytes, Stack size 0 bytes, ht32f175x_275x_gptm.o(i.GPTM_Cmd))
<BR><BR>[Called By]<UL><LI><a href="#[4c]">&gt;&gt;</a>&nbsp;&nbsp;&nbsp;GPTM_Configuration
</UL>

<P><STRONG><a name="[4c]"></a>GPTM_Configuration</STRONG> (Thumb, 54 bytes, Stack size 24 bytes, main.o(i.GPTM_Configuration))
<BR><BR>[Stack]<UL><LI>Max Depth = 24<LI>Call Chain = GPTM_Configuration
</UL>
<BR>[Calls]<UL><LI><a href="#[4d]">&gt;&gt;</a>&nbsp;&nbsp;&nbsp;GPTM_TimeBaseInit
<LI><a href="#[4e]">&gt;&gt;</a>&nbsp;&nbsp;&nbsp;GPTM_Cmd
</UL>
<BR>[Called By]<UL><LI><a href="#[43]">&gt;&gt;</a>&nbsp;&nbsp;&nbsp;main
</UL>

<P><STRONG><a name="[4b]"></a>GPTM_GetFlagStatus</STRONG> (Thumb, 10 bytes, Stack size 0 bytes, ht32f175x_275x_gptm.o(i.GPTM_GetFlagStatus))
<BR><BR>[Called By]<UL><LI><a href="#[48]">&gt;&gt;</a>&nbsp;&nbsp;&nbsp;DelayMS
</UL>

<P><STRONG><a name="[49]"></a>GPTM_SetCounter</STRONG> (Thumb, 6 bytes, Stack size 0 bytes, ht32f175x_275x_gptm.o(i.GPTM_SetCounter))
<BR><BR>[Called By]<UL><LI><a href="#[48]">&gt;&gt;</a>&nbsp;&nbsp;&nbsp;DelayMS
</UL>

<P><STRONG><a name="[4d]"></a>GPTM_TimeBaseInit</STRONG> (Thumb, 42 bytes, Stack size 0 bytes, ht32f175x_275x_gptm.o(i.GPTM_TimeBaseInit))
<BR><BR>[Called By]<UL><LI><a href="#[4c]">&gt;&gt;</a>&nbsp;&nbsp;&nbsp;GPTM_Configuration
</UL>

<P><STRONG><a name="[52]"></a>HT32F_DVB_GPxConfig</STRONG> (Thumb, 18 bytes, Stack size 0 bytes, ht32f1755_2755_dvb.o(i.HT32F_DVB_GPxConfig))
<BR><BR>[Called By]<UL><LI><a href="#[43]">&gt;&gt;</a>&nbsp;&nbsp;&nbsp;main
</UL>

<P><STRONG><a name="[2]"></a>HardFault_Handler</STRONG> (Thumb, 2 bytes, Stack size 0 bytes, ht32f175x_275x_it.o(i.HardFault_Handler))
<BR><BR>[Calls]<UL><LI><a href="#[2]">&gt;&gt;</a>&nbsp;&nbsp;&nbsp;HardFault_Handler
</UL>
<BR>[Called By]<UL><LI><a href="#[2]">&gt;&gt;</a>&nbsp;&nbsp;&nbsp;HardFault_Handler
</UL>
<BR>[Address Reference Count : 1]<UL><LI> startup_ht32f175x_275x.o(RESET)
</UL>
<P><STRONG><a name="[2c]"></a>I2C0_IRQHandler</STRONG> (Thumb, 2 bytes, Stack size 0 bytes, ht32f175x_275x_it.o(i.I2C0_IRQHandler))
<BR>[Address Reference Count : 1]<UL><LI> startup_ht32f175x_275x.o(RESET)
</UL>
<P><STRONG><a name="[2d]"></a>I2C1_IRQHandler</STRONG> (Thumb, 2 bytes, Stack size 0 bytes, ht32f175x_275x_it.o(i.I2C1_IRQHandler))
<BR>[Address Reference Count : 1]<UL><LI> startup_ht32f175x_275x.o(RESET)
</UL>
<P><STRONG><a name="[11]"></a>LPWUP_IRQHandler</STRONG> (Thumb, 2 bytes, Stack size 0 bytes, ht32f175x_275x_it.o(i.LPWUP_IRQHandler))
<BR>[Address Reference Count : 1]<UL><LI> startup_ht32f175x_275x.o(RESET)
</UL>
<P><STRONG><a name="[b]"></a>LVD_IRQHandler</STRONG> (Thumb, 2 bytes, Stack size 0 bytes, ht32f175x_275x_it.o(i.LVD_IRQHandler))
<BR>[Address Reference Count : 1]<UL><LI> startup_ht32f175x_275x.o(RESET)
</UL>
<P><STRONG><a name="[24]"></a>MCTMBRK_IRQHandler</STRONG> (Thumb, 2 bytes, Stack size 0 bytes, ht32f175x_275x_it.o(i.MCTMBRK_IRQHandler))
<BR>[Address Reference Count : 1]<UL><LI> startup_ht32f175x_275x.o(RESET)
</UL>
<P><STRONG><a name="[27]"></a>MCTMCC_IRQHandler</STRONG> (Thumb, 2 bytes, Stack size 0 bytes, ht32f175x_275x_it.o(i.MCTMCC_IRQHandler))
<BR>[Address Reference Count : 1]<UL><LI> startup_ht32f175x_275x.o(RESET)
</UL>
<P><STRONG><a name="[26]"></a>MCTMTR_IRQHandler</STRONG> (Thumb, 2 bytes, Stack size 0 bytes, ht32f175x_275x_it.o(i.MCTMTR_IRQHandler))
<BR>[Address Reference Count : 1]<UL><LI> startup_ht32f175x_275x.o(RESET)
</UL>
<P><STRONG><a name="[25]"></a>MCTMUP_IRQHandler</STRONG> (Thumb, 2 bytes, Stack size 0 bytes, ht32f175x_275x_it.o(i.MCTMUP_IRQHandler))
<BR>[Address Reference Count : 1]<UL><LI> startup_ht32f175x_275x.o(RESET)
</UL>
<P><STRONG><a name="[3]"></a>MemManage_Handler</STRONG> (Thumb, 2 bytes, Stack size 0 bytes, ht32f175x_275x_it.o(i.MemManage_Handler))
<BR><BR>[Calls]<UL><LI><a href="#[3]">&gt;&gt;</a>&nbsp;&nbsp;&nbsp;MemManage_Handler
</UL>
<BR>[Called By]<UL><LI><a href="#[3]">&gt;&gt;</a>&nbsp;&nbsp;&nbsp;MemManage_Handler
</UL>
<BR>[Address Reference Count : 1]<UL><LI> startup_ht32f175x_275x.o(RESET)
</UL>
<P><STRONG><a name="[1]"></a>NMI_Handler</STRONG> (Thumb, 2 bytes, Stack size 0 bytes, ht32f175x_275x_it.o(i.NMI_Handler))
<BR>[Address Reference Count : 1]<UL><LI> startup_ht32f175x_275x.o(RESET)
</UL>
<P><STRONG><a name="[34]"></a>PDMA_CH0_IRQHandler</STRONG> (Thumb, 2 bytes, Stack size 0 bytes, ht32f175x_275x_it.o(i.PDMA_CH0_IRQHandler))
<BR>[Address Reference Count : 1]<UL><LI> startup_ht32f175x_275x.o(RESET)
</UL>
<P><STRONG><a name="[3e]"></a>PDMA_CH10_IRQHandler</STRONG> (Thumb, 2 bytes, Stack size 0 bytes, ht32f175x_275x_it.o(i.PDMA_CH10_IRQHandler))
<BR>[Address Reference Count : 1]<UL><LI> startup_ht32f175x_275x.o(RESET)
</UL>
<P><STRONG><a name="[3f]"></a>PDMA_CH11_IRQHandler</STRONG> (Thumb, 2 bytes, Stack size 0 bytes, ht32f175x_275x_it.o(i.PDMA_CH11_IRQHandler))
<BR>[Address Reference Count : 1]<UL><LI> startup_ht32f175x_275x.o(RESET)
</UL>
<P><STRONG><a name="[35]"></a>PDMA_CH1_IRQHandler</STRONG> (Thumb, 2 bytes, Stack size 0 bytes, ht32f175x_275x_it.o(i.PDMA_CH1_IRQHandler))
<BR>[Address Reference Count : 1]<UL><LI> startup_ht32f175x_275x.o(RESET)
</UL>
<P><STRONG><a name="[36]"></a>PDMA_CH2_IRQHandler</STRONG> (Thumb, 2 bytes, Stack size 0 bytes, ht32f175x_275x_it.o(i.PDMA_CH2_IRQHandler))
<BR>[Address Reference Count : 1]<UL><LI> startup_ht32f175x_275x.o(RESET)
</UL>
<P><STRONG><a name="[37]"></a>PDMA_CH3_IRQHandler</STRONG> (Thumb, 2 bytes, Stack size 0 bytes, ht32f175x_275x_it.o(i.PDMA_CH3_IRQHandler))
<BR>[Address Reference Count : 1]<UL><LI> startup_ht32f175x_275x.o(RESET)
</UL>
<P><STRONG><a name="[38]"></a>PDMA_CH4_IRQHandler</STRONG> (Thumb, 2 bytes, Stack size 0 bytes, ht32f175x_275x_it.o(i.PDMA_CH4_IRQHandler))
<BR>[Address Reference Count : 1]<UL><LI> startup_ht32f175x_275x.o(RESET)
</UL>
<P><STRONG><a name="[39]"></a>PDMA_CH5_IRQHandler</STRONG> (Thumb, 2 bytes, Stack size 0 bytes, ht32f175x_275x_it.o(i.PDMA_CH5_IRQHandler))
<BR>[Address Reference Count : 1]<UL><LI> startup_ht32f175x_275x.o(RESET)
</UL>
<P><STRONG><a name="[3a]"></a>PDMA_CH6_IRQHandler</STRONG> (Thumb, 2 bytes, Stack size 0 bytes, ht32f175x_275x_it.o(i.PDMA_CH6_IRQHandler))
<BR>[Address Reference Count : 1]<UL><LI> startup_ht32f175x_275x.o(RESET)
</UL>
<P><STRONG><a name="[3b]"></a>PDMA_CH7_IRQHandler</STRONG> (Thumb, 2 bytes, Stack size 0 bytes, ht32f175x_275x_it.o(i.PDMA_CH7_IRQHandler))
<BR>[Address Reference Count : 1]<UL><LI> startup_ht32f175x_275x.o(RESET)
</UL>
<P><STRONG><a name="[3c]"></a>PDMA_CH8_IRQHandler</STRONG> (Thumb, 2 bytes, Stack size 0 bytes, ht32f175x_275x_it.o(i.PDMA_CH8_IRQHandler))
<BR>[Address Reference Count : 1]<UL><LI> startup_ht32f175x_275x.o(RESET)
</UL>
<P><STRONG><a name="[3d]"></a>PDMA_CH9_IRQHandler</STRONG> (Thumb, 2 bytes, Stack size 0 bytes, ht32f175x_275x_it.o(i.PDMA_CH9_IRQHandler))
<BR>[Address Reference Count : 1]<UL><LI> startup_ht32f175x_275x.o(RESET)
</UL>
<P><STRONG><a name="[50]"></a>PWRCU_CheckReadyAccessed</STRONG> (Thumb, 60 bytes, Stack size 0 bytes, ht32f175x_275x_pwrcu.o(i.PWRCU_CheckReadyAccessed))
<BR><BR>[Called By]<UL><LI><a href="#[43]">&gt;&gt;</a>&nbsp;&nbsp;&nbsp;main
</UL>

<P><STRONG><a name="[8]"></a>PendSV_Handler</STRONG> (Thumb, 2 bytes, Stack size 0 bytes, ht32f175x_275x_it.o(i.PendSV_Handler))
<BR>[Address Reference Count : 1]<UL><LI> startup_ht32f175x_275x.o(RESET)
</UL>
<P><STRONG><a name="[e]"></a>RTC_IRQHandler</STRONG> (Thumb, 2 bytes, Stack size 0 bytes, ht32f175x_275x_it.o(i.RTC_IRQHandler))
<BR>[Address Reference Count : 1]<UL><LI> startup_ht32f175x_275x.o(RESET)
</UL>
<P><STRONG><a name="[32]"></a>SCI_IRQHandler</STRONG> (Thumb, 2 bytes, Stack size 0 bytes, ht32f175x_275x_it.o(i.SCI_IRQHandler))
<BR>[Address Reference Count : 1]<UL><LI> startup_ht32f175x_275x.o(RESET)
</UL>
<P><STRONG><a name="[2e]"></a>SPI0_IRQHandler</STRONG> (Thumb, 2 bytes, Stack size 0 bytes, ht32f175x_275x_it.o(i.SPI0_IRQHandler))
<BR>[Address Reference Count : 1]<UL><LI> startup_ht32f175x_275x.o(RESET)
</UL>
<P><STRONG><a name="[2f]"></a>SPI1_IRQHandler</STRONG> (Thumb, 2 bytes, Stack size 0 bytes, ht32f175x_275x_it.o(i.SPI1_IRQHandler))
<BR>[Address Reference Count : 1]<UL><LI> startup_ht32f175x_275x.o(RESET)
</UL>
<P><STRONG><a name="[6]"></a>SVC_Handler</STRONG> (Thumb, 2 bytes, Stack size 0 bytes, ht32f175x_275x_it.o(i.SVC_Handler))
<BR>[Address Reference Count : 1]<UL><LI> startup_ht32f175x_275x.o(RESET)
</UL>
<P><STRONG><a name="[9]"></a>SysTick_Handler</STRONG> (Thumb, 2 bytes, Stack size 0 bytes, ht32f175x_275x_it.o(i.SysTick_Handler))
<BR>[Address Reference Count : 1]<UL><LI> startup_ht32f175x_275x.o(RESET)
</UL>
<P><STRONG><a name="[41]"></a>SystemInit</STRONG> (Thumb, 84 bytes, Stack size 8 bytes, system_ht32f175x_275x.o(i.SystemInit))
<BR><BR>[Stack]<UL><LI>Max Depth = 8<LI>Call Chain = SystemInit
</UL>
<BR>[Address Reference Count : 1]<UL><LI> startup_ht32f175x_275x.o(RESET)
</UL>
<P><STRONG><a name="[30]"></a>USART0_IRQHandler</STRONG> (Thumb, 2 bytes, Stack size 0 bytes, ht32f175x_275x_it.o(i.USART0_IRQHandler))
<BR>[Address Reference Count : 1]<UL><LI> startup_ht32f175x_275x.o(RESET)
</UL>
<P><STRONG><a name="[31]"></a>USART1_IRQHandler</STRONG> (Thumb, 2 bytes, Stack size 0 bytes, ht32f175x_275x_it.o(i.USART1_IRQHandler))
<BR>[Address Reference Count : 1]<UL><LI> startup_ht32f175x_275x.o(RESET)
</UL>
<P><STRONG><a name="[33]"></a>USB_IRQHandler</STRONG> (Thumb, 2 bytes, Stack size 0 bytes, ht32f175x_275x_it.o(i.USB_IRQHandler))
<BR>[Address Reference Count : 1]<UL><LI> startup_ht32f175x_275x.o(RESET)
</UL>
<P><STRONG><a name="[5]"></a>UsageFault_Handler</STRONG> (Thumb, 2 bytes, Stack size 0 bytes, ht32f175x_275x_it.o(i.UsageFault_Handler))
<BR><BR>[Calls]<UL><LI><a href="#[5]">&gt;&gt;</a>&nbsp;&nbsp;&nbsp;UsageFault_Handler
</UL>
<BR>[Called By]<UL><LI><a href="#[5]">&gt;&gt;</a>&nbsp;&nbsp;&nbsp;UsageFault_Handler
</UL>
<BR>[Address Reference Count : 1]<UL><LI> startup_ht32f175x_275x.o(RESET)
</UL>
<P><STRONG><a name="[d]"></a>WDT_IRQHandler</STRONG> (Thumb, 2 bytes, Stack size 0 bytes, ht32f175x_275x_it.o(i.WDT_IRQHandler))
<BR>[Address Reference Count : 1]<UL><LI> startup_ht32f175x_275x.o(RESET)
</UL>
<P><STRONG><a name="[5c]"></a>__scatterload_copy</STRONG> (Thumb, 14 bytes, Stack size unknown bytes, handlers.o(i.__scatterload_copy), UNUSED)

<P><STRONG><a name="[5d]"></a>__scatterload_null</STRONG> (Thumb, 2 bytes, Stack size unknown bytes, handlers.o(i.__scatterload_null), UNUSED)

<P><STRONG><a name="[5e]"></a>__scatterload_zeroinit</STRONG> (Thumb, 14 bytes, Stack size unknown bytes, handlers.o(i.__scatterload_zeroinit), UNUSED)

<P><STRONG><a name="[43]"></a>main</STRONG> (Thumb, 208 bytes, Stack size 0 bytes, main.o(i.main))
<BR><BR>[Stack]<UL><LI>Max Depth = 24<LI>Call Chain = main &rArr; GPTM_Configuration
</UL>
<BR>[Calls]<UL><LI><a href="#[50]">&gt;&gt;</a>&nbsp;&nbsp;&nbsp;PWRCU_CheckReadyAccessed
<LI><a href="#[52]">&gt;&gt;</a>&nbsp;&nbsp;&nbsp;HT32F_DVB_GPxConfig
<LI><a href="#[54]">&gt;&gt;</a>&nbsp;&nbsp;&nbsp;GPIO_WriteOutBits
<LI><a href="#[53]">&gt;&gt;</a>&nbsp;&nbsp;&nbsp;GPIO_DirectionConfig
<LI><a href="#[4f]">&gt;&gt;</a>&nbsp;&nbsp;&nbsp;CKCU_APBPerip1ClockConfig
<LI><a href="#[51]">&gt;&gt;</a>&nbsp;&nbsp;&nbsp;CKCU_APBPerip0ClockConfig
<LI><a href="#[4c]">&gt;&gt;</a>&nbsp;&nbsp;&nbsp;GPTM_Configuration
<LI><a href="#[48]">&gt;&gt;</a>&nbsp;&nbsp;&nbsp;DelayMS
</UL>
<BR>[Address Reference Count : 1]<UL><LI> entry9a.o(.ARM.Collect$$$$0000000B)
</UL><P>
<H3>
Local Symbols
</H3><P>
<H3>
Undefined Global Symbols
</H3><HR></body></html>
