<html>
<body>
<pre>
<h1>µVision Build Log</h1>
<h2>Tool Versions:</h2>
IDE-Version: ¦ÌVision V5.17.0.0
Copyright (C) 2015 ARM Ltd and ARM Germany GmbH. All rights reserved.
License Information: zy zy, zy, LIC=Y2BKP-MBF7G-MPJZP-M01WY-1TV5H-TD38S
 
Tool Versions:
Toolchain:       MDK-ARM Professional  Version: 5.17
Toolchain Path:  D:\Program Files\Keil5\ARM\ARMCC\Bin
C Compiler:      Armcc.exe V5.06 update 1 (build 61)
Assembler:       Armasm.exe V5.06 update 1 (build 61)
Linker/Locator:  ArmLink.exe V5.06 update 1 (build 61)
Library Manager: ArmAr.exe V5.06 update 1 (build 61)
Hex Converter:   FromElf.exe V5.06 update 1 (build 61)
CPU DLL:         SARMCM3.DLL V5.17
Dialog DLL:      DLM.DLL V1.24.0.0
Target DLL:      holtek-elink32.dll V???
Dialog DLL:      TLM.DLL V1.22.0.2
 
<h2>Project:</h2>
D:\Users\ICUI4CU\MDK_ARM_WorkSpace\HT32F1765\Wlight\MDK_ARM\Project.uvproj
Project File Date:  11/25/2015

<h2>Output:</h2>
*** Using Compiler 'V5.06 update 1 (build 61)', folder: 'D:\Program Files\Keil5\ARM\ARMCC\Bin'
Rebuild target 'HT32F1755_2755_DVB'
assembling startup_ht32f175x_275x.s...
compiling ht32f175x_275x_it.c...
compiling main.c...
compiling ht32f175x_275x_adc.c...
compiling ht32f175x_275x_bftm.c...
compiling ht32f175x_275x_cmp_op.c...
compiling ht32f175x_275x_ckcu.c...
compiling ht32f175x_275x_exti.c...
compiling ht32f175x_275x_gpio.c...
compiling ht32f175x_275x_flash.c...
compiling ht32f175x_275x_lib.c...
compiling ht32f175x_275x_i2c.c...
compiling ht32f175x_275x_gptm.c...
compiling ht32f175x_275x_misc.c...
compiling ht32f175x_275x_pdma.c...
compiling ht32f175x_275x_mctm.c...
compiling ht32f175x_275x_pwrcu.c...
compiling ht32f175x_275x_rstcu.c...
compiling ht32f175x_275x_rtc.c...
compiling ht32f175x_275x_serial.c...
compiling ht32f175x_275x_sci.c...
compiling ht32f175x_275x_spi.c...
compiling ht32f175x_275x_usart.c...
compiling ht32f175x_275x_wdt.c...
compiling ht32f175x_275x_usbd.c...
compiling system_ht32f175x_275x.c...
compiling holtek_retarget.c...
compiling ht32f275x_csif.c...
compiling i2c_eeprom.c...
compiling spi_flash.c...
compiling ht32f1755_2755_dvb.c...
compiling spi_lcd.c...
linking...
Program Size: Code=1284 RO-data=200 RW-data=4 ZI-data=516  
".\HT32F1755_2755_DVB\Obj\HT32F1755_2755_DVB.axf" - 0 Error(s), 0 Warning(s).
Build Time Elapsed:  00:00:03
</pre>
</body>
</html>
