Component: ARM Compiler 5.06 update 1 (build 61) Tool: armlink [4d35a8]

==============================================================================

Section Cross References

    main.o(i.DelayMS) refers to ht32f175x_275x_gptm.o(i.GPTM_SetCounter) for GPTM_SetCounter
    main.o(i.DelayMS) refers to ht32f175x_275x_gptm.o(i.GPTM_ClearFlag) for GPTM_ClearFlag
    main.o(i.DelayMS) refers to ht32f175x_275x_gptm.o(i.GPTM_GetFlagStatus) for GPTM_GetFlagStatus
    main.o(i.GPTM_Configuration) refers to ht32f175x_275x_gptm.o(i.GPTM_TimeBaseInit) for GPTM_TimeBaseInit
    main.o(i.GPTM_Configuration) refers to ht32f175x_275x_gptm.o(i.GPTM_Cmd) for GPTM_Cmd
    main.o(i.GPTM_Configuration) refers to system_ht32f175x_275x.o(.data) for SystemCoreClock
    main.o(i.main) refers to ht32f175x_275x_ckcu.o(i.CKCU_APBPerip1ClockConfig) for CKCU_APBPerip1ClockConfig
    main.o(i.main) refers to ht32f175x_275x_pwrcu.o(i.PWRCU_CheckReadyAccessed) for PWRCU_CheckReadyAccessed
    main.o(i.main) refers to ht32f175x_275x_ckcu.o(i.CKCU_APBPerip0ClockConfig) for CKCU_APBPerip0ClockConfig
    main.o(i.main) refers to main.o(i.GPTM_Configuration) for GPTM_Configuration
    main.o(i.main) refers to ht32f1755_2755_dvb.o(i.HT32F_DVB_GPxConfig) for HT32F_DVB_GPxConfig
    main.o(i.main) refers to ht32f175x_275x_gpio.o(i.GPIO_DirectionConfig) for GPIO_DirectionConfig
    main.o(i.main) refers to ht32f175x_275x_gpio.o(i.GPIO_WriteOutBits) for GPIO_WriteOutBits
    main.o(i.main) refers to main.o(i.DelayMS) for DelayMS
    main.o(i.main) refers to ht32f1755_2755_dvb.o(.constdata) for DVB_GpioClock
    startup_ht32f175x_275x.o(RESET) refers to startup_ht32f175x_275x.o(STACK) for __initial_sp
    startup_ht32f175x_275x.o(RESET) refers to ht32f175x_275x_it.o(i.NMI_Handler) for NMI_Handler
    startup_ht32f175x_275x.o(RESET) refers to ht32f175x_275x_it.o(i.HardFault_Handler) for HardFault_Handler
    startup_ht32f175x_275x.o(RESET) refers to ht32f175x_275x_it.o(i.MemManage_Handler) for MemManage_Handler
    startup_ht32f175x_275x.o(RESET) refers to ht32f175x_275x_it.o(i.BusFault_Handler) for BusFault_Handler
    startup_ht32f175x_275x.o(RESET) refers to ht32f175x_275x_it.o(i.UsageFault_Handler) for UsageFault_Handler
    startup_ht32f175x_275x.o(RESET) refers to ht32f175x_275x_it.o(i.SVC_Handler) for SVC_Handler
    startup_ht32f175x_275x.o(RESET) refers to ht32f175x_275x_it.o(i.DebugMon_Handler) for DebugMon_Handler
    startup_ht32f175x_275x.o(RESET) refers to ht32f175x_275x_it.o(i.PendSV_Handler) for PendSV_Handler
    startup_ht32f175x_275x.o(RESET) refers to ht32f175x_275x_it.o(i.SysTick_Handler) for SysTick_Handler
    startup_ht32f175x_275x.o(RESET) refers to ht32f175x_275x_it.o(i.CKRDY_IRQHandler) for CKRDY_IRQHandler
    startup_ht32f175x_275x.o(RESET) refers to ht32f175x_275x_it.o(i.LVD_IRQHandler) for LVD_IRQHandler
    startup_ht32f175x_275x.o(RESET) refers to ht32f175x_275x_it.o(i.BOD_IRQHandler) for BOD_IRQHandler
    startup_ht32f175x_275x.o(RESET) refers to ht32f175x_275x_it.o(i.WDT_IRQHandler) for WDT_IRQHandler
    startup_ht32f175x_275x.o(RESET) refers to ht32f175x_275x_it.o(i.RTC_IRQHandler) for RTC_IRQHandler
    startup_ht32f175x_275x.o(RESET) refers to ht32f175x_275x_it.o(i.FLASH_IRQHandler) for FLASH_IRQHandler
    startup_ht32f175x_275x.o(RESET) refers to ht32f175x_275x_it.o(i.EVWUP_IRQHandler) for EVWUP_IRQHandler
    startup_ht32f175x_275x.o(RESET) refers to ht32f175x_275x_it.o(i.LPWUP_IRQHandler) for LPWUP_IRQHandler
    startup_ht32f175x_275x.o(RESET) refers to ht32f175x_275x_it.o(i.EXTI0_IRQHandler) for EXTI0_IRQHandler
    startup_ht32f175x_275x.o(RESET) refers to ht32f175x_275x_it.o(i.EXTI1_IRQHandler) for EXTI1_IRQHandler
    startup_ht32f175x_275x.o(RESET) refers to ht32f175x_275x_it.o(i.EXTI2_IRQHandler) for EXTI2_IRQHandler
    startup_ht32f175x_275x.o(RESET) refers to ht32f175x_275x_it.o(i.EXTI3_IRQHandler) for EXTI3_IRQHandler
    startup_ht32f175x_275x.o(RESET) refers to ht32f175x_275x_it.o(i.EXTI4_IRQHandler) for EXTI4_IRQHandler
    startup_ht32f175x_275x.o(RESET) refers to ht32f175x_275x_it.o(i.EXTI5_IRQHandler) for EXTI5_IRQHandler
    startup_ht32f175x_275x.o(RESET) refers to ht32f175x_275x_it.o(i.EXTI6_IRQHandler) for EXTI6_IRQHandler
    startup_ht32f175x_275x.o(RESET) refers to ht32f175x_275x_it.o(i.EXTI7_IRQHandler) for EXTI7_IRQHandler
    startup_ht32f175x_275x.o(RESET) refers to ht32f175x_275x_it.o(i.EXTI8_IRQHandler) for EXTI8_IRQHandler
    startup_ht32f175x_275x.o(RESET) refers to ht32f175x_275x_it.o(i.EXTI9_IRQHandler) for EXTI9_IRQHandler
    startup_ht32f175x_275x.o(RESET) refers to ht32f175x_275x_it.o(i.EXTI10_IRQHandler) for EXTI10_IRQHandler
    startup_ht32f175x_275x.o(RESET) refers to ht32f175x_275x_it.o(i.EXTI11_IRQHandler) for EXTI11_IRQHandler
    startup_ht32f175x_275x.o(RESET) refers to ht32f175x_275x_it.o(i.EXTI12_IRQHandler) for EXTI12_IRQHandler
    startup_ht32f175x_275x.o(RESET) refers to ht32f175x_275x_it.o(i.EXTI13_IRQHandler) for EXTI13_IRQHandler
[...]
    spi_lcd.o(i.SPI_LCD_Config) refers to spi_lcd.o(i.SPI_LCD_WriteReg) for SPI_LCD_WriteReg
    spi_lcd.o(i.SPI_LCD_Config) refers to spi_lcd.o(i.SPI_LCD_Clear) for SPI_LCD_Clear
    spi_lcd.o(i.SPI_LCD_DisplayOff) refers to spi_lcd.o(i.SPI_LCD_WriteReg) for SPI_LCD_WriteReg
    spi_lcd.o(i.SPI_LCD_DisplayOn) refers to spi_lcd.o(i.SPI_LCD_WriteReg) for SPI_LCD_WriteReg
    spi_lcd.o(i.SPI_LCD_Init) refers to ht32f175x_275x_ckcu.o(i.CKCU_APBPerip0ClockConfig) for CKCU_APBPerip0ClockConfig
    spi_lcd.o(i.SPI_LCD_Init) refers to ht32f1755_2755_dvb.o(i.HT32F_DVB_GPxConfig) for HT32F_DVB_GPxConfig
    spi_lcd.o(i.SPI_LCD_Init) refers to ht32f175x_275x_gpio.o(i.GPIO_SetOutBits) for GPIO_SetOutBits
    spi_lcd.o(i.SPI_LCD_Init) refers to ht32f175x_275x_gpio.o(i.GPIO_DirectionConfig) for GPIO_DirectionConfig
    spi_lcd.o(i.SPI_LCD_Init) refers to ht32f175x_275x_spi.o(i.SPI_Init) for SPI_Init
    spi_lcd.o(i.SPI_LCD_Init) refers to ht32f175x_275x_spi.o(i.SPI_SELOutputCmd) for SPI_SELOutputCmd
    spi_lcd.o(i.SPI_LCD_Init) refers to ht32f175x_275x_spi.o(i.SPI_Cmd) for SPI_Cmd
    spi_lcd.o(i.SPI_LCD_Init) refers to spi_lcd.o(i.SPI_LCD_SysTick_Config) for SPI_LCD_SysTick_Config
    spi_lcd.o(i.SPI_LCD_Init) refers to ht32f1755_2755_dvb.o(.constdata) for DVB_GpioClock
    spi_lcd.o(i.SPI_LCD_LineDraw) refers to spi_lcd.o(i.SPI_LCD_StarterSet) for SPI_LCD_StarterSet
    spi_lcd.o(i.SPI_LCD_LineDraw) refers to spi_lcd.o(i.SPI_LCD_WriteRegIndex) for SPI_LCD_WriteRegIndex
    spi_lcd.o(i.SPI_LCD_LineDraw) refers to spi_lcd.o(i.SPI_LCD_WriteRAM) for SPI_LCD_WriteRAM
    spi_lcd.o(i.SPI_LCD_LineDraw) refers to spi_lcd.o(i.SPI_LCD_WriteRAMWord) for SPI_LCD_WriteRAMWord
    spi_lcd.o(i.SPI_LCD_LineDraw) refers to spi_lcd.o(.data) for .data
    spi_lcd.o(i.SPI_LCD_PicDraw) refers to spi_lcd.o(i.SPI_LCD_StarterSet) for SPI_LCD_StarterSet
    spi_lcd.o(i.SPI_LCD_PicDraw) refers to spi_lcd.o(i.SPI_LCD_WriteRegIndex) for SPI_LCD_WriteRegIndex
    spi_lcd.o(i.SPI_LCD_PicDraw) refers to spi_lcd.o(i.SPI_LCD_WriteRAM) for SPI_LCD_WriteRAM
    spi_lcd.o(i.SPI_LCD_ReadReg) refers to spi_lcd.o(i.SPI_LCD_WriteRegIndex) for SPI_LCD_WriteRegIndex
    spi_lcd.o(i.SPI_LCD_ReadReg) refers to ht32f175x_275x_spi.o(i.SPI_SoftwareSELCmd) for SPI_SoftwareSELCmd
    spi_lcd.o(i.SPI_LCD_ReadReg) refers to ht32f175x_275x_spi.o(i.SPI_ReceiveData) for SPI_ReceiveData
    spi_lcd.o(i.SPI_LCD_ReadReg) refers to ht32f175x_275x_spi.o(i.SPI_GetFlagStatus) for SPI_GetFlagStatus
    spi_lcd.o(i.SPI_LCD_ReadReg) refers to ht32f175x_275x_spi.o(i.SPI_SendData) for SPI_SendData
    spi_lcd.o(i.SPI_LCD_ReadReg) refers to ht32f175x_275x_gpio.o(i.AFIO_GPDConfig) for AFIO_GPDConfig
    spi_lcd.o(i.SPI_LCD_RectDraw) refers to spi_lcd.o(i.SPI_LCD_LineDraw) for SPI_LCD_LineDraw
    spi_lcd.o(i.SPI_LCD_StarterSet) refers to spi_lcd.o(i.SPI_LCD_WriteReg) for SPI_LCD_WriteReg
    spi_lcd.o(i.SPI_LCD_StringLineDisplay) refers to spi_lcd.o(i.SPI_LCD_CharDisplay) for SPI_LCD_CharDisplay
    spi_lcd.o(i.SPI_LCD_SysTick_Config) refers to ht32f175x_275x_misc.o(i.SYSTICK_ClockSourceConfig) for SYSTICK_ClockSourceConfig
    spi_lcd.o(i.SPI_LCD_SysTick_Config) refers to ht32f175x_275x_misc.o(i.SYSTICK_SetReloadValue) for SYSTICK_SetReloadValue
    spi_lcd.o(i.SPI_LCD_SysTick_Config) refers to ht32f175x_275x_misc.o(i.SYSTICK_IntConfig) for SYSTICK_IntConfig
    spi_lcd.o(i.SPI_LCD_TextColorSet) refers to spi_lcd.o(.data) for .data
    spi_lcd.o(i.SPI_LCD_TimingDelay) refers to spi_lcd.o(.data) for .data
    spi_lcd.o(i.SPI_LCD_WriteRAM) refers to ht32f175x_275x_spi.o(i.SPI_SoftwareSELCmd) for SPI_SoftwareSELCmd
    spi_lcd.o(i.SPI_LCD_WriteRAM) refers to ht32f175x_275x_spi.o(i.SPI_GetFlagStatus) for SPI_GetFlagStatus
    spi_lcd.o(i.SPI_LCD_WriteRAM) refers to ht32f175x_275x_spi.o(i.SPI_SendData) for SPI_SendData
    spi_lcd.o(i.SPI_LCD_WriteRAMPrior) refers to spi_lcd.o(i.SPI_LCD_WriteRegIndex) for SPI_LCD_WriteRegIndex
    spi_lcd.o(i.SPI_LCD_WriteRAMWord) refers to spi_lcd.o(i.SPI_LCD_WriteRegIndex) for SPI_LCD_WriteRegIndex
    spi_lcd.o(i.SPI_LCD_WriteRAMWord) refers to spi_lcd.o(i.SPI_LCD_WriteRAM) for SPI_LCD_WriteRAM
    spi_lcd.o(i.SPI_LCD_WriteReg) refers to spi_lcd.o(i.SPI_LCD_WriteRegIndex) for SPI_LCD_WriteRegIndex
    spi_lcd.o(i.SPI_LCD_WriteReg) refers to ht32f175x_275x_spi.o(i.SPI_SoftwareSELCmd) for SPI_SoftwareSELCmd
    spi_lcd.o(i.SPI_LCD_WriteReg) refers to ht32f175x_275x_spi.o(i.SPI_GetFlagStatus) for SPI_GetFlagStatus
    spi_lcd.o(i.SPI_LCD_WriteReg) refers to ht32f175x_275x_spi.o(i.SPI_SendData) for SPI_SendData
    spi_lcd.o(i.SPI_LCD_WriteRegIndex) refers to ht32f175x_275x_spi.o(i.SPI_SoftwareSELCmd) for SPI_SoftwareSELCmd
    spi_lcd.o(i.SPI_LCD_WriteRegIndex) refers to ht32f175x_275x_spi.o(i.SPI_GetFlagStatus) for SPI_GetFlagStatus
    spi_lcd.o(i.SPI_LCD_WriteRegIndex) refers to ht32f175x_275x_spi.o(i.SPI_SendData) for SPI_SendData
    spi_lcd.o(i.SPI_LCD_delay) refers to ht32f175x_275x_misc.o(i.SYSTICK_CounterCmd) for SYSTICK_CounterCmd
    spi_lcd.o(i.SPI_LCD_delay) refers to spi_lcd.o(.data) for .data
    entry.o(.ARM.Collect$$$$00000000) refers (Special) to entry10a.o(.ARM.Collect$$$$0000000D) for __rt_final_cpp
    entry.o(.ARM.Collect$$$$00000000) refers (Special) to entry11a.o(.ARM.Collect$$$$0000000F) for __rt_final_exit
    entry.o(.ARM.Collect$$$$00000000) refers (Special) to entry7b.o(.ARM.Collect$$$$00000008) for _main_clock
    entry.o(.ARM.Collect$$$$00000000) refers (Special) to entry8b.o(.ARM.Collect$$$$0000000A) for _main_cpp_init
    entry.o(.ARM.Collect$$$$00000000) refers (Special) to entry9a.o(.ARM.Collect$$$$0000000B) for _main_init
    entry.o(.ARM.Collect$$$$00000000) refers (Special) to entry5.o(.ARM.Collect$$$$00000004) for _main_scatterload
    entry.o(.ARM.Collect$$$$00000000) refers (Special) to entry2.o(.ARM.Collect$$$$00000001) for _main_stk
    entry2.o(.ARM.Collect$$$$00000001) refers to entry2.o(.ARM.Collect$$$$00002712) for __lit__00000000
    entry2.o(.ARM.Collect$$$$00002712) refers to startup_ht32f175x_275x.o(STACK) for __initial_sp
    entry2.o(__vectab_stack_and_reset_area) refers to startup_ht32f175x_275x.o(STACK) for __initial_sp
    entry2.o(__vectab_stack_and_reset_area) refers to entry.o(.ARM.Collect$$$$00000000) for __main
    entry5.o(.ARM.Collect$$$$00000004) refers to init.o(.text) for __scatterload
    entry9a.o(.ARM.Collect$$$$0000000B) refers to main.o(i.main) for main
    entry9b.o(.ARM.Collect$$$$0000000C) refers to main.o(i.main) for main
    init.o(.text) refers to entry5.o(.ARM.Collect$$$$00000004) for __main_after_scatterload


==============================================================================

Removing Unused input sections from the image.

    Removing main.o(.emb_text), (8 bytes).
    Removing ht32f175x_275x_it.o(.emb_text), (8 bytes).
    Removing startup_ht32f175x_275x.o(HEAP), (0 bytes).
    Removing ht32f175x_275x_adc.o(.emb_text), (8 bytes).
    Removing ht32f175x_275x_adc.o(i.ADC_AWDConfig), (16 bytes).
    Removing ht32f175x_275x_adc.o(i.ADC_AWDSingleChannelConfig), (18 bytes).
    Removing ht32f175x_275x_adc.o(i.ADC_AWDThresholdsConfig), (10 bytes).
    Removing ht32f175x_275x_adc.o(i.ADC_ClearIntPendingBit), (6 bytes).
    Removing ht32f175x_275x_adc.o(i.ADC_DeInit), (8 bytes).
    Removing ht32f175x_275x_adc.o(i.ADC_GetConversionData), (12 bytes).
    Removing ht32f175x_275x_adc.o(i.ADC_GetFlagStatus), (12 bytes).
    Removing ht32f175x_275x_adc.o(i.ADC_GetIntStatus), (12 bytes).
    Removing ht32f175x_275x_adc.o(i.ADC_IntConfig), (20 bytes).
    Removing ht32f175x_275x_adc.o(i.ADC_PDMAConfig), (20 bytes).
    Removing ht32f175x_275x_adc.o(i.ADC_RegularChannelConfig), (34 bytes).
    Removing ht32f175x_275x_adc.o(i.ADC_RegularGroupConfig), (22 bytes).
    Removing ht32f175x_275x_adc.o(i.ADC_RegularTrigConfig), (12 bytes).
    Removing ht32f175x_275x_adc.o(i.ADC_Reset), (10 bytes).
    Removing ht32f175x_275x_adc.o(i.ADC_SoftwareStartConvCmd), (24 bytes).
    Removing ht32f175x_275x_bftm.o(.emb_text), (8 bytes).
    Removing ht32f175x_275x_bftm.o(i.BFTM_ClearFlag), (14 bytes).
    Removing ht32f175x_275x_bftm.o(i.BFTM_DeInit), (28 bytes).
    Removing ht32f175x_275x_bftm.o(i.BFTM_EnaCmd), (20 bytes).
    Removing ht32f175x_275x_bftm.o(i.BFTM_GetCompare), (4 bytes).
    Removing ht32f175x_275x_bftm.o(i.BFTM_GetCounter), (4 bytes).
    Removing ht32f175x_275x_bftm.o(i.BFTM_GetFlagStatus), (10 bytes).
    Removing ht32f175x_275x_bftm.o(i.BFTM_IntConfig), (20 bytes).
    Removing ht32f175x_275x_bftm.o(i.BFTM_OneShotModeCmd), (20 bytes).
    Removing ht32f175x_275x_bftm.o(i.BFTM_SetCompare), (4 bytes).
    Removing ht32f175x_275x_bftm.o(i.BFTM_SetCounter), (4 bytes).
    Removing ht32f175x_275x_ckcu.o(.emb_text), (8 bytes).
    Removing ht32f175x_275x_ckcu.o(i.CKCU_AHBPeripClockConfig), (24 bytes).
    Removing ht32f175x_275x_ckcu.o(i.CKCU_BKISOCmd), (20 bytes).
    Removing ht32f175x_275x_ckcu.o(i.CKCU_CKMCmd), (12 bytes).
    Removing ht32f175x_275x_ckcu.o(i.CKCU_CKOUTConfig), (20 bytes).
    Removing ht32f175x_275x_ckcu.o(i.CKCU_ClearIntFlag), (16 bytes).
    Removing ht32f175x_275x_ckcu.o(i.CKCU_DeInit), (76 bytes).
    Removing ht32f175x_275x_ckcu.o(i.CKCU_GetClockReadyStatus), (20 bytes).
    Removing ht32f175x_275x_ckcu.o(i.CKCU_GetClocksFrequency), (148 bytes).
    Removing ht32f175x_275x_ckcu.o(i.CKCU_GetIntStatus), (20 bytes).
    Removing ht32f175x_275x_ckcu.o(i.CKCU_GetSysClockSource), (16 bytes).
    Removing ht32f175x_275x_ckcu.o(i.CKCU_HSECmd), (12 bytes).
    Removing ht32f175x_275x_ckcu.o(i.CKCU_HSICmd), (12 bytes).
    Removing ht32f175x_275x_ckcu.o(i.CKCU_IS_HSE_USED), (20 bytes).
    Removing ht32f175x_275x_ckcu.o(i.CKCU_IS_HSI_USED), (20 bytes).
    Removing ht32f175x_275x_ckcu.o(i.CKCU_IS_PLL_USED), (20 bytes).
    Removing ht32f175x_275x_ckcu.o(i.CKCU_IntConfig), (24 bytes).
    Removing ht32f175x_275x_ckcu.o(i.CKCU_MCUDBGConfig), (28 bytes).
    Removing ht32f175x_275x_ckcu.o(i.CKCU_PLLCmd), (12 bytes).
    Removing ht32f175x_275x_ckcu.o(i.CKCU_PLLInit), (32 bytes).
    Removing ht32f175x_275x_ckcu.o(i.CKCU_PSRCWKUPCmd), (12 bytes).
    Removing ht32f175x_275x_ckcu.o(i.CKCU_SetADCPrescaler), (20 bytes).
    Removing ht32f175x_275x_ckcu.o(i.CKCU_SetHCLKPrescaler), (12 bytes).
    Removing ht32f175x_275x_ckcu.o(i.CKCU_SetUSARTPrescaler), (20 bytes).
    Removing ht32f175x_275x_ckcu.o(i.CKCU_SetUSBPrescaler), (20 bytes).
    Removing ht32f175x_275x_ckcu.o(i.CKCU_SleepClockConfig), (24 bytes).
    Removing ht32f175x_275x_ckcu.o(i.CKCU_SysClockConfig), (44 bytes).
    Removing ht32f175x_275x_ckcu.o(i.CKCU_WDTSourceConfig), (12 bytes).
    Removing ht32f175x_275x_ckcu.o(i.CKCU_WaitHSEReady), (44 bytes).
    Removing ht32f175x_275x_cmp_op.o(.emb_text), (8 bytes).
    Removing ht32f175x_275x_cmp_op.o(i.CMP_OP_CancellationModeConfig), (16 bytes).
    Removing ht32f175x_275x_cmp_op.o(i.CMP_OP_ClearIntPendingBit), (4 bytes).
    Removing ht32f175x_275x_cmp_op.o(i.CMP_OP_Cmd), (20 bytes).
    Removing ht32f175x_275x_cmp_op.o(i.CMP_OP_Config), (14 bytes).
    Removing ht32f175x_275x_cmp_op.o(i.CMP_OP_DeInit), (28 bytes).
    Removing ht32f175x_275x_cmp_op.o(i.CMP_OP_GetCancellationVaule), (4 bytes).
    Removing ht32f175x_275x_cmp_op.o(i.CMP_OP_GetFlagStatus), (10 bytes).
    Removing ht32f175x_275x_cmp_op.o(i.CMP_OP_GetIntStatus), (10 bytes).
    Removing ht32f175x_275x_cmp_op.o(i.CMP_OP_GetOutputStatus), (14 bytes).
    Removing ht32f175x_275x_cmp_op.o(i.CMP_OP_IntConfig), (16 bytes).
    Removing ht32f175x_275x_cmp_op.o(i.CMP_OP_SetCancellationVaule), (4 bytes).
    Removing ht32f175x_275x_exti.o(.emb_text), (8 bytes).
    Removing ht32f175x_275x_exti.o(i.EXTI_ClearEdgeFlag), (16 bytes).
    Removing ht32f175x_275x_exti.o(i.EXTI_ClearWakeupFlag), (20 bytes).
    Removing ht32f175x_275x_exti.o(i.EXTI_DeInit), (48 bytes).
    Removing ht32f175x_275x_exti.o(i.EXTI_GetEdgeStatus), (44 bytes).
    Removing ht32f175x_275x_exti.o(i.EXTI_GetSWCmdStatus), (24 bytes).
    Removing ht32f175x_275x_exti.o(i.EXTI_GetWakeupFlagStatus), (24 bytes).
    Removing ht32f175x_275x_exti.o(i.EXTI_Init), (28 bytes).
    Removing ht32f175x_275x_exti.o(i.EXTI_IntConfig), (28 bytes).
    Removing ht32f175x_275x_exti.o(i.EXTI_SWIntCmd), (28 bytes).
    Removing ht32f175x_275x_exti.o(i.EXTI_WakeupEventConfig), (44 bytes).
    Removing ht32f175x_275x_exti.o(i.EXTI_WakeupEventIntConfig), (28 bytes).
    Removing ht32f175x_275x_flash.o(.emb_text), (8 bytes).
    Removing ht32f175x_275x_flash.o(i.FLASH_BranchCacheCmd), (32 bytes).
    Removing ht32f175x_275x_flash.o(i.FLASH_ClearIntFlag), (12 bytes).
    Removing ht32f175x_275x_flash.o(i.FLASH_DcodeCacheCmd), (32 bytes).
    Removing ht32f175x_275x_flash.o(i.FLASH_EnablePage0to31WriteProtection), (12 bytes).
    Removing ht32f175x_275x_flash.o(i.FLASH_EnablePage32to63WriteProtection), (12 bytes).
    Removing ht32f175x_275x_flash.o(i.FLASH_EnablePage64to95WriteProtection), (12 bytes).
    Removing ht32f175x_275x_flash.o(i.FLASH_EnablePage96to126WriteProtection), (12 bytes).
    Removing ht32f175x_275x_flash.o(i.FLASH_EnableSecurity), (12 bytes).
    Removing ht32f175x_275x_flash.o(i.FLASH_EraseOptionByte), (40 bytes).
    Removing ht32f175x_275x_flash.o(i.FLASH_ErasePage), (20 bytes).
    Removing ht32f175x_275x_flash.o(i.FLASH_FlashHalfCycleCmd), (48 bytes).
    Removing ht32f175x_275x_flash.o(i.FLASH_FlashZwPwrSavingCmd), (48 bytes).
    Removing ht32f175x_275x_flash.o(i.FLASH_GetIntStatus), (20 bytes).
    Removing ht32f175x_275x_flash.o(i.FLASH_GetPage0to31WriteProtectionStatus), (12 bytes).
    Removing ht32f175x_275x_flash.o(i.FLASH_GetPage32to63WriteProtectionStatus), (12 bytes).
    Removing ht32f175x_275x_flash.o(i.FLASH_GetPage64to95WriteProtectionStatus), (12 bytes).
    Removing ht32f175x_275x_flash.o(i.FLASH_GetPage96to126WriteProtectionStatus), (12 bytes).
    Removing ht32f175x_275x_flash.o(i.FLASH_GetSecurityStatus), (12 bytes).
    Removing ht32f175x_275x_flash.o(i.FLASH_IntConfig), (24 bytes).
    Removing ht32f175x_275x_flash.o(i.FLASH_MassErase), (20 bytes).
    Removing ht32f175x_275x_flash.o(i.FLASH_PrefetchBufferCmd), (32 bytes).
    Removing ht32f175x_275x_flash.o(i.FLASH_ProgramWordData), (24 bytes).
    Removing ht32f175x_275x_flash.o(i.FLASH_SetOptionByteChecksum), (72 bytes).
    Removing ht32f175x_275x_flash.o(i.FLASH_SetRemappingMode), (12 bytes).
    Removing ht32f175x_275x_flash.o(i.FLASH_SetWaitState), (24 bytes).
    Removing ht32f175x_275x_flash.o(i.FLASH_WaitForOperationEnd), (36 bytes).
    Removing ht32f175x_275x_gpio.o(.emb_text), (8 bytes).
    Removing ht32f175x_275x_gpio.o(i.AFIO_DeInit), (8 bytes).
    Removing ht32f175x_275x_gpio.o(i.AFIO_EXTISourceConfig), (40 bytes).
    Removing ht32f175x_275x_gpio.o(i.AFIO_GPAConfig), (20 bytes).
    Removing ht32f175x_275x_gpio.o(i.AFIO_GPBConfig), (20 bytes).
    Removing ht32f175x_275x_gpio.o(i.AFIO_GPCConfig), (20 bytes).
    Removing ht32f175x_275x_gpio.o(i.AFIO_GPDConfig), (20 bytes).
    Removing ht32f175x_275x_gpio.o(i.AFIO_GPEConfig), (20 bytes).
    Removing ht32f175x_275x_gpio.o(i.GPIO_ClearOutBits), (4 bytes).
    Removing ht32f175x_275x_gpio.o(i.GPIO_DeInit), (76 bytes).
    Removing ht32f175x_275x_gpio.o(i.GPIO_DriveConfig), (16 bytes).
    Removing ht32f175x_275x_gpio.o(i.GPIO_InputConfig), (16 bytes).
    Removing ht32f175x_275x_gpio.o(i.GPIO_IsPinLocked), (10 bytes).
    Removing ht32f175x_275x_gpio.o(i.GPIO_IsPortLocked), (10 bytes).
    Removing ht32f175x_275x_gpio.o(i.GPIO_OpenDrainConfig), (16 bytes).
    Removing ht32f175x_275x_gpio.o(i.GPIO_PinLock), (12 bytes).
    Removing ht32f175x_275x_gpio.o(i.GPIO_PullResistorConfig), (40 bytes).
    Removing ht32f175x_275x_gpio.o(i.GPIO_ReadInBit), (10 bytes).
    Removing ht32f175x_275x_gpio.o(i.GPIO_ReadInData), (6 bytes).
    Removing ht32f175x_275x_gpio.o(i.GPIO_ReadOutBit), (10 bytes).
    Removing ht32f175x_275x_gpio.o(i.GPIO_ReadOutData), (6 bytes).
    Removing ht32f175x_275x_gpio.o(i.GPIO_SetOutBits), (4 bytes).
    Removing ht32f175x_275x_gpio.o(i.GPIO_WriteOutData), (4 bytes).
    Removing ht32f175x_275x_gptm.o(.emb_text), (8 bytes).
    Removing ht32f175x_275x_gptm.o(i.GPTM_CHCCDSConfig), (20 bytes).
    Removing ht32f175x_275x_gptm.o(i.GPTM_CHCCRPreloadConfig), (24 bytes).
    Removing ht32f175x_275x_gptm.o(i.GPTM_CHPSCConfig), (20 bytes).
    Removing ht32f175x_275x_gptm.o(i.GPTM_CKDIVConfig), (16 bytes).
    Removing ht32f175x_275x_gptm.o(i.GPTM_CRRPreloadCmd), (20 bytes).
    Removing ht32f175x_275x_gptm.o(i.GPTM_CaptureInit), (36 bytes).
    Removing ht32f175x_275x_gptm.o(i.GPTM_CaptureStructInit), (18 bytes).
    Removing ht32f175x_275x_gptm.o(i.GPTM_ChExternalClockConfig), (48 bytes).
    Removing ht32f175x_275x_gptm.o(i.GPTM_ChPolarityConfig), (20 bytes).
    Removing ht32f175x_275x_gptm.o(i.GPTM_ChannelConfig), (24 bytes).
    Removing ht32f175x_275x_gptm.o(i.GPTM_ClearIntPendingBit), (10 bytes).
    Removing ht32f175x_275x_gptm.o(i.GPTM_ClearOREFConfig), (24 bytes).
    Removing ht32f175x_275x_gptm.o(i.GPTM_CounterModeConfig), (24 bytes).
    Removing ht32f175x_275x_gptm.o(i.GPTM_DeInit), (36 bytes).
    Removing ht32f175x_275x_gptm.o(i.GPTM_DecoderConfig), (56 bytes).
    Removing ht32f175x_275x_gptm.o(i.GPTM_EtiConfig), (24 bytes).
    Removing ht32f175x_275x_gptm.o(i.GPTM_EtiExternalClockConfig), (18 bytes).
    Removing ht32f175x_275x_gptm.o(i.GPTM_ForcedOREF0), (12 bytes).
    Removing ht32f175x_275x_gptm.o(i.GPTM_ForcedOREF1), (12 bytes).
    Removing ht32f175x_275x_gptm.o(i.GPTM_ForcedOREF2), (12 bytes).
    Removing ht32f175x_275x_gptm.o(i.GPTM_ForcedOREF3), (12 bytes).
    Removing ht32f175x_275x_gptm.o(i.GPTM_GenerateEvent), (4 bytes).
    Removing ht32f175x_275x_gptm.o(i.GPTM_GetCaptureCompare0), (6 bytes).
    Removing ht32f175x_275x_gptm.o(i.GPTM_GetCaptureCompare1), (6 bytes).
    Removing ht32f175x_275x_gptm.o(i.GPTM_GetCaptureCompare2), (6 bytes).
    Removing ht32f175x_275x_gptm.o(i.GPTM_GetCaptureCompare3), (6 bytes).
    Removing ht32f175x_275x_gptm.o(i.GPTM_GetCounter), (6 bytes).
    Removing ht32f175x_275x_gptm.o(i.GPTM_GetIntStatus), (22 bytes).
    Removing ht32f175x_275x_gptm.o(i.GPTM_GetPrescaler), (6 bytes).
    Removing ht32f175x_275x_gptm.o(i.GPTM_HallInterfaceCmd), (20 bytes).
    Removing ht32f175x_275x_gptm.o(i.GPTM_ImmActiveConfig), (24 bytes).
    Removing ht32f175x_275x_gptm.o(i.GPTM_IntConfig), (16 bytes).
    Removing ht32f175x_275x_gptm.o(i.GPTM_InternalClockConfig), (10 bytes).
    Removing ht32f175x_275x_gptm.o(i.GPTM_ItiExternalClockConfig), (18 bytes).
    Removing ht32f175x_275x_gptm.o(i.GPTM_MMSELConfig), (12 bytes).
    Removing ht32f175x_275x_gptm.o(i.GPTM_OutputInit), (78 bytes).
    Removing ht32f175x_275x_gptm.o(i.GPTM_OutputModeConfig), (30 bytes).
    Removing ht32f175x_275x_gptm.o(i.GPTM_OutputStructInit), (14 bytes).
    Removing ht32f175x_275x_gptm.o(i.GPTM_PDMAConfig), (16 bytes).
    Removing ht32f175x_275x_gptm.o(i.GPTM_PrescalerConfig), (8 bytes).
    Removing ht32f175x_275x_gptm.o(i.GPTM_PwmInputInit), (124 bytes).
    Removing ht32f175x_275x_gptm.o(i.GPTM_SetCaptureCompare0), (6 bytes).
    Removing ht32f175x_275x_gptm.o(i.GPTM_SetCaptureCompare1), (6 bytes).
    Removing ht32f175x_275x_gptm.o(i.GPTM_SetCaptureCompare2), (6 bytes).
    Removing ht32f175x_275x_gptm.o(i.GPTM_SetCaptureCompare3), (6 bytes).
    Removing ht32f175x_275x_gptm.o(i.GPTM_SetCounterReload), (6 bytes).
    Removing ht32f175x_275x_gptm.o(i.GPTM_SinglePulseModeCmd), (20 bytes).
    Removing ht32f175x_275x_gptm.o(i.GPTM_SlaveModeConfig), (12 bytes).
    Removing ht32f175x_275x_gptm.o(i.GPTM_StiConfig), (24 bytes).
    Removing ht32f175x_275x_gptm.o(i.GPTM_TimSyncCmd), (20 bytes).
    Removing ht32f175x_275x_gptm.o(i.GPTM_TimeBaseStructInit), (20 bytes).
    Removing ht32f175x_275x_gptm.o(i.GPTM_UEVG_IntConfig), (20 bytes).
    Removing ht32f175x_275x_gptm.o(i.GPTM_UpdateCmd), (20 bytes).
    Removing ht32f175x_275x_gptm.o(i.gptm_CHx_Config), (64 bytes).
    Removing ht32f175x_275x_i2c.o(.emb_text), (8 bytes).
    Removing ht32f175x_275x_i2c.o(i.I2C_AckCmd), (20 bytes).
    Removing ht32f175x_275x_i2c.o(i.I2C_AddressMaskConfig), (4 bytes).
    Removing ht32f175x_275x_i2c.o(i.I2C_CheckStatus), (14 bytes).
    Removing ht32f175x_275x_i2c.o(i.I2C_ClearFlag), (4 bytes).
    Removing ht32f175x_275x_i2c.o(i.I2C_Cmd), (20 bytes).
    Removing ht32f175x_275x_i2c.o(i.I2C_DeInit), (24 bytes).
    Removing ht32f175x_275x_i2c.o(i.I2C_GeneralCallCmd), (20 bytes).
    Removing ht32f175x_275x_i2c.o(i.I2C_GenerateSTOP), (10 bytes).
    Removing ht32f175x_275x_i2c.o(i.I2C_GetAddressBuffer), (6 bytes).
    Removing ht32f175x_275x_i2c.o(i.I2C_GetFlagStatus), (14 bytes).
    Removing ht32f175x_275x_i2c.o(i.I2C_Init), (96 bytes).
    Removing ht32f175x_275x_i2c.o(i.I2C_IntConfig), (16 bytes).
    Removing ht32f175x_275x_i2c.o(i.I2C_PDMACmd), (16 bytes).
    Removing ht32f175x_275x_i2c.o(i.I2C_PDMANACKCmd), (20 bytes).
    Removing ht32f175x_275x_i2c.o(i.I2C_ReadRegister), (10 bytes).
    Removing ht32f175x_275x_i2c.o(i.I2C_ReceiveData), (6 bytes).
    Removing ht32f175x_275x_i2c.o(i.I2C_SendData), (4 bytes).
    Removing ht32f175x_275x_i2c.o(i.I2C_SetOwnAddress), (4 bytes).
    Removing ht32f175x_275x_i2c.o(i.I2C_SetSCLHighPeriod), (4 bytes).
    Removing ht32f175x_275x_i2c.o(i.I2C_SetSCLLowPeriod), (4 bytes).
    Removing ht32f175x_275x_i2c.o(i.I2C_SetTimeOutPrescaler), (10 bytes).
    Removing ht32f175x_275x_i2c.o(i.I2C_SetTimeOutValue), (12 bytes).
    Removing ht32f175x_275x_i2c.o(i.I2C_StructInit), (20 bytes).
    Removing ht32f175x_275x_i2c.o(i.I2C_TargetAddressConfig), (10 bytes).
    Removing ht32f175x_275x_i2c.o(i.I2C_TimeOutCmd), (20 bytes).
    Removing ht32f175x_275x_lib.o(.emb_text), (8 bytes).
    Removing ht32f175x_275x_mctm.o(.emb_text), (8 bytes).
    Removing ht32f175x_275x_mctm.o(i.MCTM_CHBRKCTRConfig), (56 bytes).
    Removing ht32f175x_275x_mctm.o(i.MCTM_CHBRKCTRStructInit), (20 bytes).
    Removing ht32f175x_275x_mctm.o(i.MCTM_CHCCDSConfig), (20 bytes).
    Removing ht32f175x_275x_mctm.o(i.MCTM_CHCCRPreloadConfig), (24 bytes).
    Removing ht32f175x_275x_mctm.o(i.MCTM_CHMOECmd), (20 bytes).
    Removing ht32f175x_275x_mctm.o(i.MCTM_CHPSCConfig), (20 bytes).
    Removing ht32f175x_275x_mctm.o(i.MCTM_CKDIVConfig), (16 bytes).
    Removing ht32f175x_275x_mctm.o(i.MCTM_COMPRECmd), (20 bytes).
    Removing ht32f175x_275x_mctm.o(i.MCTM_COMUSConfig), (20 bytes).
    Removing ht32f175x_275x_mctm.o(i.MCTM_CRRPreloadCmd), (20 bytes).
    Removing ht32f175x_275x_mctm.o(i.MCTM_CaptureInit), (36 bytes).
    Removing ht32f175x_275x_mctm.o(i.MCTM_CaptureStructInit), (18 bytes).
    Removing ht32f175x_275x_mctm.o(i.MCTM_ChExternalClockConfig), (48 bytes).
    Removing ht32f175x_275x_mctm.o(i.MCTM_ChNPolarityConfig), (22 bytes).
    Removing ht32f175x_275x_mctm.o(i.MCTM_ChPolarityConfig), (20 bytes).
    Removing ht32f175x_275x_mctm.o(i.MCTM_ChannelConfig), (24 bytes).
    Removing ht32f175x_275x_mctm.o(i.MCTM_ChannelNConfig), (26 bytes).
    Removing ht32f175x_275x_mctm.o(i.MCTM_ClearFlag), (10 bytes).
    Removing ht32f175x_275x_mctm.o(i.MCTM_ClearIntPendingBit), (10 bytes).
    Removing ht32f175x_275x_mctm.o(i.MCTM_ClearOREFConfig), (24 bytes).
    Removing ht32f175x_275x_mctm.o(i.MCTM_Cmd), (20 bytes).
    Removing ht32f175x_275x_mctm.o(i.MCTM_CounterModeConfig), (24 bytes).
    Removing ht32f175x_275x_mctm.o(i.MCTM_DeInit), (20 bytes).
    Removing ht32f175x_275x_mctm.o(i.MCTM_DecoderConfig), (56 bytes).
    Removing ht32f175x_275x_mctm.o(i.MCTM_EtiConfig), (24 bytes).
    Removing ht32f175x_275x_mctm.o(i.MCTM_EtiExternalClockConfig), (18 bytes).
    Removing ht32f175x_275x_mctm.o(i.MCTM_ForcedOREF0), (12 bytes).
    Removing ht32f175x_275x_mctm.o(i.MCTM_ForcedOREF1), (12 bytes).
    Removing ht32f175x_275x_mctm.o(i.MCTM_ForcedOREF2), (12 bytes).
    Removing ht32f175x_275x_mctm.o(i.MCTM_ForcedOREF3), (12 bytes).
    Removing ht32f175x_275x_mctm.o(i.MCTM_GenerateEvent), (4 bytes).
    Removing ht32f175x_275x_mctm.o(i.MCTM_GetCaptureCompare0), (6 bytes).
    Removing ht32f175x_275x_mctm.o(i.MCTM_GetCaptureCompare1), (6 bytes).
    Removing ht32f175x_275x_mctm.o(i.MCTM_GetCaptureCompare2), (6 bytes).
    Removing ht32f175x_275x_mctm.o(i.MCTM_GetCaptureCompare3), (6 bytes).
    Removing ht32f175x_275x_mctm.o(i.MCTM_GetCounter), (6 bytes).
    Removing ht32f175x_275x_mctm.o(i.MCTM_GetFlagStatus), (10 bytes).
    Removing ht32f175x_275x_mctm.o(i.MCTM_GetIntStatus), (22 bytes).
    Removing ht32f175x_275x_mctm.o(i.MCTM_GetPrescaler), (6 bytes).
    Removing ht32f175x_275x_mctm.o(i.MCTM_HallInterfaceCmd), (20 bytes).
    Removing ht32f175x_275x_mctm.o(i.MCTM_ImmActiveConfig), (24 bytes).
    Removing ht32f175x_275x_mctm.o(i.MCTM_IntConfig), (16 bytes).
    Removing ht32f175x_275x_mctm.o(i.MCTM_InternalClockConfig), (10 bytes).
    Removing ht32f175x_275x_mctm.o(i.MCTM_ItiExternalClockConfig), (18 bytes).
    Removing ht32f175x_275x_mctm.o(i.MCTM_MMSELConfig), (12 bytes).
    Removing ht32f175x_275x_mctm.o(i.MCTM_OutputInit), (106 bytes).
    Removing ht32f175x_275x_mctm.o(i.MCTM_OutputModeConfig), (30 bytes).
    Removing ht32f175x_275x_mctm.o(i.MCTM_OutputStructInit), (22 bytes).
    Removing ht32f175x_275x_mctm.o(i.MCTM_PDMAConfig), (16 bytes).
    Removing ht32f175x_275x_mctm.o(i.MCTM_PrescalerConfig), (8 bytes).
    Removing ht32f175x_275x_mctm.o(i.MCTM_PwmInputInit), (124 bytes).
    Removing ht32f175x_275x_mctm.o(i.MCTM_SetCaptureCompare0), (6 bytes).
    Removing ht32f175x_275x_mctm.o(i.MCTM_SetCaptureCompare1), (6 bytes).
    Removing ht32f175x_275x_mctm.o(i.MCTM_SetCaptureCompare2), (6 bytes).
    Removing ht32f175x_275x_mctm.o(i.MCTM_SetCaptureCompare3), (6 bytes).
    Removing ht32f175x_275x_mctm.o(i.MCTM_SetCounter), (6 bytes).
    Removing ht32f175x_275x_mctm.o(i.MCTM_SetCounterReload), (6 bytes).
    Removing ht32f175x_275x_mctm.o(i.MCTM_SinglePulseModeCmd), (20 bytes).
    Removing ht32f175x_275x_mctm.o(i.MCTM_SlaveModeConfig), (12 bytes).
    Removing ht32f175x_275x_mctm.o(i.MCTM_StiConfig), (24 bytes).
    Removing ht32f175x_275x_mctm.o(i.MCTM_TimSyncCmd), (20 bytes).
    Removing ht32f175x_275x_mctm.o(i.MCTM_TimeBaseInit), (44 bytes).
    Removing ht32f175x_275x_mctm.o(i.MCTM_TimeBaseStructInit), (22 bytes).
    Removing ht32f175x_275x_mctm.o(i.MCTM_UEV1G_IntConfig), (20 bytes).
    Removing ht32f175x_275x_mctm.o(i.MCTM_UpdateCmd), (20 bytes).
    Removing ht32f175x_275x_mctm.o(i.mctm_CHx_Config), (64 bytes).
    Removing ht32f175x_275x_misc.o(.emb_text), (8 bytes).
    Removing ht32f175x_275x_misc.o(i.NVIC_CoreReset), (16 bytes).
    Removing ht32f175x_275x_misc.o(i.NVIC_LowPowerConfig), (24 bytes).
    Removing ht32f175x_275x_misc.o(i.NVIC_SetPendingSystemHandler), (16 bytes).
    Removing ht32f175x_275x_misc.o(i.NVIC_SetVectorTable), (20 bytes).
    Removing ht32f175x_275x_misc.o(i.SYSTICK_ClockSourceConfig), (24 bytes).
    Removing ht32f175x_275x_misc.o(i.SYSTICK_CounterCmd), (32 bytes).
    Removing ht32f175x_275x_misc.o(i.SYSTICK_IntConfig), (24 bytes).
    Removing ht32f175x_275x_misc.o(i.SYSTICK_SetReloadValue), (8 bytes).
    Removing ht32f175x_275x_pdma.o(.emb_text), (8 bytes).
    Removing ht32f175x_275x_pdma.o(i.PDMA_ClearFlag), (44 bytes).
    Removing ht32f175x_275x_pdma.o(i.PDMA_Config), (48 bytes).
    Removing ht32f175x_275x_pdma.o(i.PDMA_EnaCmd), (40 bytes).
    Removing ht32f175x_275x_pdma.o(i.PDMA_GetFlagStatus), (52 bytes).
    Removing ht32f175x_275x_pdma.o(i.PDMA_IntConig), (48 bytes).
    Removing ht32f175x_275x_pdma.o(i.PDMA_SwTrigCmd), (40 bytes).
    Removing ht32f175x_275x_pdma.o(i.PDMA_TranSizeConfig), (24 bytes).
    Removing ht32f175x_275x_pwrcu.o(.emb_text), (8 bytes).
    Removing ht32f175x_275x_pwrcu.o(i.PWRCU_BODCmd), (12 bytes).
    Removing ht32f175x_275x_pwrcu.o(i.PWRCU_BODRISConfig), (12 bytes).
    Removing ht32f175x_275x_pwrcu.o(i.PWRCU_DMOSCmd), (24 bytes).
    Removing ht32f175x_275x_pwrcu.o(i.PWRCU_DeInit), (32 bytes).
    Removing ht32f175x_275x_pwrcu.o(i.PWRCU_DeepSleep1), (40 bytes).
    Removing ht32f175x_275x_pwrcu.o(i.PWRCU_DeepSleep2), (52 bytes).
    Removing ht32f175x_275x_pwrcu.o(i.PWRCU_GetBODFlagStatus), (16 bytes).
    Removing ht32f175x_275x_pwrcu.o(i.PWRCU_GetDMOSStatus), (36 bytes).
    Removing ht32f175x_275x_pwrcu.o(i.PWRCU_GetFlagStatus), (16 bytes).
    Removing ht32f175x_275x_pwrcu.o(i.PWRCU_GetLVDFlagStatus), (16 bytes).
    Removing ht32f175x_275x_pwrcu.o(i.PWRCU_HSIReadyCounterBitLengthConfig), (12 bytes).
    Removing ht32f175x_275x_pwrcu.o(i.PWRCU_LVDCmd), (12 bytes).
    Removing ht32f175x_275x_pwrcu.o(i.PWRCU_LVDEventWakeupConfig), (12 bytes).
    Removing ht32f175x_275x_pwrcu.o(i.PWRCU_LVDIntWakeupConfig), (12 bytes).
    Removing ht32f175x_275x_pwrcu.o(i.PWRCU_PowerDown), (36 bytes).
    Removing ht32f175x_275x_pwrcu.o(i.PWRCU_ReadBackupRegister), (16 bytes).
    Removing ht32f175x_275x_pwrcu.o(i.PWRCU_SetLVDS), (24 bytes).
    Removing ht32f175x_275x_pwrcu.o(i.PWRCU_Sleep), (24 bytes).
    Removing ht32f175x_275x_pwrcu.o(i.PWRCU_V18RDYSourceConfig), (12 bytes).
    Removing ht32f175x_275x_pwrcu.o(i.PWRCU_WakeupPinCmd), (12 bytes).
    Removing ht32f175x_275x_pwrcu.o(i.PWRCU_WakeupPinIntConfig), (12 bytes).
    Removing ht32f175x_275x_pwrcu.o(i.PWRCU_WriteBackupRegister), (16 bytes).
    Removing ht32f175x_275x_rstcu.o(.emb_text), (8 bytes).
    Removing ht32f175x_275x_rstcu.o(i.RSTCU_AHBPeripReset), (28 bytes).
    Removing ht32f175x_275x_rstcu.o(i.RSTCU_APBPerip0Reset), (28 bytes).
    Removing ht32f175x_275x_rstcu.o(i.RSTCU_APBPerip1Reset), (28 bytes).
    Removing ht32f175x_275x_rstcu.o(i.RSTCU_ClearAllResetFlag), (16 bytes).
    Removing ht32f175x_275x_rstcu.o(i.RSTCU_ClearResetFlag), (16 bytes).
    Removing ht32f175x_275x_rstcu.o(i.RSTCU_GetResetFlagStatus), (28 bytes).
    Removing ht32f175x_275x_rstcu.o(i.RSTCU_IS_AHBPeripResetEnd), (24 bytes).
    Removing ht32f175x_275x_rstcu.o(i.RSTCU_IS_APBPerip0ResetEnd), (24 bytes).
    Removing ht32f175x_275x_rstcu.o(i.RSTCU_IS_APBPerip1ResetEnd), (24 bytes).
    Removing ht32f175x_275x_rtc.o(.emb_text), (8 bytes).
    Removing ht32f175x_275x_rtc.o(i.RTC_CMPCLRCmd), (12 bytes).
    Removing ht32f175x_275x_rtc.o(i.RTC_ClockSourceConfig), (12 bytes).
    Removing ht32f175x_275x_rtc.o(i.RTC_Cmd), (12 bytes).
    Removing ht32f175x_275x_rtc.o(i.RTC_DeInit), (40 bytes).
    Removing ht32f175x_275x_rtc.o(i.RTC_GetCompare), (12 bytes).
    Removing ht32f175x_275x_rtc.o(i.RTC_GetCounter), (12 bytes).
    Removing ht32f175x_275x_rtc.o(i.RTC_GetFlagStatus), (12 bytes).
    Removing ht32f175x_275x_rtc.o(i.RTC_GetOutStatus), (16 bytes).
    Removing ht32f175x_275x_rtc.o(i.RTC_GetPrescaler), (20 bytes).
    Removing ht32f175x_275x_rtc.o(i.RTC_IntConfig), (24 bytes).
    Removing ht32f175x_275x_rtc.o(i.RTC_LSECmd), (44 bytes).
    Removing ht32f175x_275x_rtc.o(i.RTC_LSESMConfig), (12 bytes).
    Removing ht32f175x_275x_rtc.o(i.RTC_LSICmd), (44 bytes).
    Removing ht32f175x_275x_rtc.o(i.RTC_LSILoadTrimData), (40 bytes).
    Removing ht32f175x_275x_rtc.o(i.RTC_OutCmd), (12 bytes).
    Removing ht32f175x_275x_rtc.o(i.RTC_OutConfig), (28 bytes).
    Removing ht32f175x_275x_rtc.o(i.RTC_SetCompare), (12 bytes).
    Removing ht32f175x_275x_rtc.o(i.RTC_SetPrescaler), (20 bytes).
    Removing ht32f175x_275x_rtc.o(i.RTC_WakeupConfig), (24 bytes).
    Removing ht32f175x_275x_sci.o(.emb_text), (8 bytes).
    Removing ht32f175x_275x_sci.o(i.SCI_ClearFlag), (36 bytes).
    Removing ht32f175x_275x_sci.o(i.SCI_ClockModeConfig), (28 bytes).
    Removing ht32f175x_275x_sci.o(i.SCI_Cmd), (28 bytes).
    Removing ht32f175x_275x_sci.o(i.SCI_DeInit), (8 bytes).
    Removing ht32f175x_275x_sci.o(i.SCI_ETUConfig), (12 bytes).
    Removing ht32f175x_275x_sci.o(i.SCI_GetFlagStatus), (20 bytes).
    Removing ht32f175x_275x_sci.o(i.SCI_Init), (40 bytes).
    Removing ht32f175x_275x_sci.o(i.SCI_IntConfig), (24 bytes).
    Removing ht32f175x_275x_sci.o(i.SCI_OutputDIO), (28 bytes).
    Removing ht32f175x_275x_sci.o(i.SCI_PDMACmd), (24 bytes).
    Removing ht32f175x_275x_sci.o(i.SCI_ReceiveData), (12 bytes).
    Removing ht32f175x_275x_sci.o(i.SCI_SendData), (12 bytes).
    Removing ht32f175x_275x_sci.o(i.SCI_SetGuardTimeValue), (12 bytes).
    Removing ht32f175x_275x_sci.o(i.SCI_SetWaitingTimeValue), (12 bytes).
    Removing ht32f175x_275x_sci.o(i.SCI_SoftwareClockCmd), (28 bytes).
    Removing ht32f175x_275x_sci.o(i.SCI_StructInit), (14 bytes).
    Removing ht32f175x_275x_sci.o(i.SCI_WaitingTimeCounterCmd), (28 bytes).
    Removing ht32f175x_275x_serial.o(.emb_text), (8 bytes).
    Removing ht32f175x_275x_serial.o(i.SERIAL_GetChar), (32 bytes).
    Removing ht32f175x_275x_serial.o(i.SERIAL_PutChar), (36 bytes).
    Removing ht32f175x_275x_spi.o(.emb_text), (8 bytes).
    Removing ht32f175x_275x_spi.o(i.SPI_ClearFlag), (4 bytes).
    Removing ht32f175x_275x_spi.o(i.SPI_Cmd), (20 bytes).
    Removing ht32f175x_275x_spi.o(i.SPI_DeInit), (20 bytes).
    Removing ht32f175x_275x_spi.o(i.SPI_FIFOCmd), (20 bytes).
    Removing ht32f175x_275x_spi.o(i.SPI_FIFOTriggerLevelConfig), (30 bytes).
    Removing ht32f175x_275x_spi.o(i.SPI_GetFIFOStatus), (20 bytes).
    Removing ht32f175x_275x_spi.o(i.SPI_GetFlagStatus), (14 bytes).
    Removing ht32f175x_275x_spi.o(i.SPI_Init), (100 bytes).
    Removing ht32f175x_275x_spi.o(i.SPI_IntConfig), (16 bytes).
    Removing ht32f175x_275x_spi.o(i.SPI_PDMACmd), (16 bytes).
    Removing ht32f175x_275x_spi.o(i.SPI_ReceiveData), (6 bytes).
    Removing ht32f175x_275x_spi.o(i.SPI_SELModeConfig), (20 bytes).
    Removing ht32f175x_275x_spi.o(i.SPI_SELOutputCmd), (20 bytes).
    Removing ht32f175x_275x_spi.o(i.SPI_SendData), (4 bytes).
    Removing ht32f175x_275x_spi.o(i.SPI_SetDataLength), (16 bytes).
    Removing ht32f175x_275x_spi.o(i.SPI_SetTimeOutValue), (4 bytes).
    Removing ht32f175x_275x_spi.o(i.SPI_SoftwareSELCmd), (20 bytes).
    Removing ht32f175x_275x_spi.o(i.SPI_StructInit), (28 bytes).
    Removing ht32f175x_275x_usart.o(.emb_text), (8 bytes).
    Removing ht32f175x_275x_usart.o(i.USART_DeInit), (22 bytes).
    Removing ht32f175x_275x_usart.o(i.USART_FIFOReset), (8 bytes).
    Removing ht32f175x_275x_usart.o(i.USART_ForceBreakCmd), (20 bytes).
    Removing ht32f175x_275x_usart.o(i.USART_ForceModemPinState), (20 bytes).
    Removing ht32f175x_275x_usart.o(i.USART_GetFIFOStatus), (18 bytes).
    Removing ht32f175x_275x_usart.o(i.USART_GetIntID), (6 bytes).
    Removing ht32f175x_275x_usart.o(i.USART_GetLineStatus), (14 bytes).
    Removing ht32f175x_275x_usart.o(i.USART_GetModemStatus), (6 bytes).
    Removing ht32f175x_275x_usart.o(i.USART_HardwareFlowControlCmd), (20 bytes).
    Removing ht32f175x_275x_usart.o(i.USART_Init), (60 bytes).
    Removing ht32f175x_275x_usart.o(i.USART_IntConfig), (16 bytes).
    Removing ht32f175x_275x_usart.o(i.USART_IrDACmd), (20 bytes).
    Removing ht32f175x_275x_usart.o(i.USART_IrDAConfig), (20 bytes).
    Removing ht32f175x_275x_usart.o(i.USART_IrDADirectionConfig), (20 bytes).
    Removing ht32f175x_275x_usart.o(i.USART_IrDAInvtInputCmd), (20 bytes).
    Removing ht32f175x_275x_usart.o(i.USART_IrDAInvtOutputCmd), (20 bytes).
    Removing ht32f175x_275x_usart.o(i.USART_RFITLConfig), (12 bytes).
    Removing ht32f175x_275x_usart.o(i.USART_RS485AADCmd), (20 bytes).
    Removing ht32f175x_275x_usart.o(i.USART_RS485NMMCmd), (20 bytes).
    Removing ht32f175x_275x_usart.o(i.USART_RS485TxEnablePolarityConfig), (20 bytes).
    Removing ht32f175x_275x_usart.o(i.USART_ReceiveData), (6 bytes).
    Removing ht32f175x_275x_usart.o(i.USART_RxCmd), (20 bytes).
    Removing ht32f175x_275x_usart.o(i.USART_RxPDMACmd), (20 bytes).
    Removing ht32f175x_275x_usart.o(i.USART_SendData), (4 bytes).
    Removing ht32f175x_275x_usart.o(i.USART_SetAddressMatchValue), (14 bytes).
    Removing ht32f175x_275x_usart.o(i.USART_SetGuardTime), (14 bytes).
    Removing ht32f175x_275x_usart.o(i.USART_SetIrDAPrescaler), (14 bytes).
    Removing ht32f175x_275x_usart.o(i.USART_SetTimeOutValue), (12 bytes).
    Removing ht32f175x_275x_usart.o(i.USART_StickParityCmd), (20 bytes).
    Removing ht32f175x_275x_usart.o(i.USART_StickParityConfig), (20 bytes).
    Removing ht32f175x_275x_usart.o(i.USART_StructInit), (20 bytes).
    Removing ht32f175x_275x_usart.o(i.USART_SynClockInit), (26 bytes).
    Removing ht32f175x_275x_usart.o(i.USART_SynClockStructInit), (12 bytes).
    Removing ht32f175x_275x_usart.o(i.USART_TFITLConfig), (12 bytes).
    Removing ht32f175x_275x_usart.o(i.USART_TimeOutIntConfig), (20 bytes).
    Removing ht32f175x_275x_usart.o(i.USART_TxCmd), (20 bytes).
    Removing ht32f175x_275x_usart.o(i.USART_TxPDMACmd), (20 bytes).
    Removing ht32f175x_275x_usbd.o(.emb_text), (8 bytes).
    Removing ht32f175x_275x_usbd.o(i.USBD_ClearINT), (12 bytes).
    Removing ht32f175x_275x_usbd.o(i.USBD_DeInit), (8 bytes).
    Removing ht32f175x_275x_usbd.o(i.USBD_DisableINT), (16 bytes).
    Removing ht32f175x_275x_usbd.o(i.USBD_EPTClearDTG), (16 bytes).
    Removing ht32f175x_275x_usbd.o(i.USBD_EPTClearHalt), (16 bytes).
    Removing ht32f175x_275x_usbd.o(i.USBD_EPTClearINT), (12 bytes).
    Removing ht32f175x_275x_usbd.o(i.USBD_EPTEnableINT), (12 bytes).
    Removing ht32f175x_275x_usbd.o(i.USBD_EPTGetBuffer0Addr), (24 bytes).
    Removing ht32f175x_275x_usbd.o(i.USBD_EPTGetBuffer1Addr), (36 bytes).
    Removing ht32f175x_275x_usbd.o(i.USBD_EPTGetBufferLen), (14 bytes).
    Removing ht32f175x_275x_usbd.o(i.USBD_EPTGetHalt), (26 bytes).
    Removing ht32f175x_275x_usbd.o(i.USBD_EPTGetINT), (14 bytes).
    Removing ht32f175x_275x_usbd.o(i.USBD_EPTGetTransferCount), (18 bytes).
    Removing ht32f175x_275x_usbd.o(i.USBD_EPTInit), (38 bytes).
    Removing ht32f175x_275x_usbd.o(i.USBD_EPTReadMemory), (58 bytes).
    Removing ht32f175x_275x_usbd.o(i.USBD_EPTReadOUTData), (48 bytes).
    Removing ht32f175x_275x_usbd.o(i.USBD_EPTReset), (16 bytes).
    Removing ht32f175x_275x_usbd.o(i.USBD_EPTSendSTALL), (12 bytes).
    Removing ht32f175x_275x_usbd.o(i.USBD_EPTSetHalt), (20 bytes).
    Removing ht32f175x_275x_usbd.o(i.USBD_EPTWaitSTALLSent), (36 bytes).
    Removing ht32f175x_275x_usbd.o(i.USBD_EPTWriteINData), (72 bytes).
    Removing ht32f175x_275x_usbd.o(i.USBD_EnableINT), (16 bytes).
    Removing ht32f175x_275x_usbd.o(i.USBD_GetEPTnINTNumber), (32 bytes).
    Removing ht32f175x_275x_usbd.o(i.USBD_GetINT), (16 bytes).
    Removing ht32f175x_275x_usbd.o(i.USBD_Init), (20 bytes).
    Removing ht32f175x_275x_usbd.o(i.USBD_PowerOff), (12 bytes).
    Removing ht32f175x_275x_usbd.o(i.USBD_PowerOn), (12 bytes).
    Removing ht32f175x_275x_usbd.o(i.USBD_PowerUp), (60 bytes).
    Removing ht32f175x_275x_usbd.o(i.USBD_PreInit), (24 bytes).
    Removing ht32f175x_275x_usbd.o(i.USBD_ReadSETUPData), (16 bytes).
    Removing ht32f175x_275x_usbd.o(i.USBD_RemoteWakeup), (16 bytes).
    Removing ht32f175x_275x_usbd.o(i.USBD_SetAddress), (16 bytes).
    Removing ht32f175x_275x_usbd.o(i._USBD_CopyMemory), (16 bytes).
    Removing ht32f175x_275x_usbd.o(i._USBD_GetEPTnAddr), (16 bytes).
    Removing ht32f175x_275x_usbd.o(.data), (4 bytes).
    Removing ht32f175x_275x_wdt.o(.emb_text), (8 bytes).
    Removing ht32f175x_275x_wdt.o(i.WDT_DeInit), (8 bytes).
    Removing ht32f175x_275x_wdt.o(i.WDT_GetDeltaValue), (16 bytes).
    Removing ht32f175x_275x_wdt.o(i.WDT_GetFlagStatus), (20 bytes).
    Removing ht32f175x_275x_wdt.o(i.WDT_GetPrescaler), (24 bytes).
    Removing ht32f175x_275x_wdt.o(i.WDT_GetReloadValue), (16 bytes).
    Removing ht32f175x_275x_wdt.o(i.WDT_IntConfig), (28 bytes).
    Removing ht32f175x_275x_wdt.o(i.WDT_ProtectCmd), (24 bytes).
    Removing ht32f175x_275x_wdt.o(i.WDT_ResetCmd), (28 bytes).
    Removing ht32f175x_275x_wdt.o(i.WDT_Restart), (16 bytes).
    Removing ht32f175x_275x_wdt.o(i.WDT_SetDeltaValue), (20 bytes).
    Removing ht32f175x_275x_wdt.o(i.WDT_SetPrescaler), (20 bytes).
    Removing ht32f175x_275x_wdt.o(i.WDT_SetReloadValue), (20 bytes).
    Removing ht32f275x_csif.o(.emb_text), (8 bytes).
    Removing ht32f275x_csif.o(i.CSIF_BasicInit), (64 bytes).
    Removing ht32f275x_csif.o(i.CSIF_BasicStructInit), (24 bytes).
    Removing ht32f275x_csif.o(i.CSIF_ClearFlag), (12 bytes).
    Removing ht32f275x_csif.o(i.CSIF_Cmd), (16 bytes).
    Removing ht32f275x_csif.o(i.CSIF_DeInit), (8 bytes).
    Removing ht32f275x_csif.o(i.CSIF_GetFlagStatus), (20 bytes).
    Removing ht32f275x_csif.o(i.CSIF_IntConfig), (24 bytes).
    Removing ht32f275x_csif.o(i.CSIF_MasterClockCmd), (28 bytes).
    Removing ht32f275x_csif.o(i.CSIF_SetMasterClockPrescaler), (24 bytes).
    Removing ht32f275x_csif.o(i.CSIF_SubSampleInit), (32 bytes).
    Removing ht32f275x_csif.o(i.CSIF_SunSampleStructInit), (16 bytes).
    Removing ht32f275x_csif.o(i.CSIF_WindowInit), (44 bytes).
    Removing ht32f275x_csif.o(i.CSIF_WindowStructInit), (14 bytes).
    Removing holtek_retarget.o(.emb_text), (8 bytes).
    Removing holtek_retarget.o(i.__backspace), (4 bytes).
    Removing holtek_retarget.o(i._sys_exit), (2 bytes).
    Removing holtek_retarget.o(i._ttywrch), (6 bytes).
    Removing holtek_retarget.o(i.fgetc), (4 bytes).
    Removing holtek_retarget.o(i.fputc), (6 bytes).
    Removing holtek_retarget.o(.data), (4 bytes).
    Removing holtek_retarget.o(.data), (4 bytes).
    Removing system_ht32f175x_275x.o(.emb_text), (8 bytes).
    Removing system_ht32f175x_275x.o(i.SystemCoreClockUpdate), (84 bytes).
    Removing ht32f1755_2755_dvb.o(.emb_text), (8 bytes).
    Removing ht32f1755_2755_dvb.o(i.HT32F_DVB_BuzzerConfig), (104 bytes).
    Removing ht32f1755_2755_dvb.o(i.HT32F_DVB_BuzzerInit), (240 bytes).
    Removing ht32f1755_2755_dvb.o(i.HT32F_DVB_BuzzerOutputCmd), (16 bytes).
    Removing ht32f1755_2755_dvb.o(i.HT32F_DVB_COMInit), (184 bytes).
    Removing ht32f1755_2755_dvb.o(i.HT32F_DVB_LEDInit), (112 bytes).
    Removing ht32f1755_2755_dvb.o(i.HT32F_DVB_LEDOff), (24 bytes).
    Removing ht32f1755_2755_dvb.o(i.HT32F_DVB_LEDOn), (24 bytes).
    Removing ht32f1755_2755_dvb.o(i.HT32F_DVB_LEDToggle), (28 bytes).
    Removing ht32f1755_2755_dvb.o(i.HT32F_DVB_PBGetState), (24 bytes).
    Removing ht32f1755_2755_dvb.o(i.HT32F_DVB_PBInit), (204 bytes).
    Removing ht32f1755_2755_dvb.o(i.HT32F_DVB_USBConnect), (52 bytes).
    Removing ht32f1755_2755_dvb.o(i.HT32F_DVB_USBDisConnect), (32 bytes).
    Removing ht32f1755_2755_dvb.o(.data), (44 bytes).
    Removing i2c_eeprom.o(.emb_text), (8 bytes).
    Removing i2c_eeprom.o(i.I2C_EEPROM_AckPolling), (60 bytes).
    Removing i2c_eeprom.o(i.I2C_EEPROM_BufferRead), (160 bytes).
    Removing i2c_eeprom.o(i.I2C_EEPROM_BufferWrite), (54 bytes).
    Removing i2c_eeprom.o(i.I2C_EEPROM_Init), (80 bytes).
    Removing i2c_eeprom.o(i.I2C_EEPROM_PageWrite), (96 bytes).
    Removing spi_flash.o(.emb_text), (8 bytes).
    Removing spi_flash.o(i.SPI_FLASH_AAIWrite), (152 bytes).
    Removing spi_flash.o(i.SPI_FLASH_BufferRead), (84 bytes).
    Removing spi_flash.o(i.SPI_FLASH_BufferWrite), (104 bytes).
    Removing spi_flash.o(i.SPI_FLASH_ByteWrite), (76 bytes).
    Removing spi_flash.o(i.SPI_FLASH_ChipErase), (44 bytes).
    Removing spi_flash.o(i.SPI_FLASH_Init), (152 bytes).
    Removing spi_flash.o(i.SPI_FLASH_ReadJEDECID), (68 bytes).
    Removing spi_flash.o(i.SPI_FLASH_SectorErase), (68 bytes).
    Removing spi_flash.o(i.SPI_FLASH_SendByte), (52 bytes).
    Removing spi_flash.o(i.SPI_FLASH_WaitForWriteEnd), (44 bytes).
    Removing spi_flash.o(i.SPI_FLASH_WriteDisable), (36 bytes).
    Removing spi_flash.o(i.SPI_FLASH_WriteEnable), (36 bytes).
    Removing spi_flash.o(i.SPI_FLASH_WriteStatus), (48 bytes).
    Removing spi_lcd.o(.emb_text), (8 bytes).
    Removing spi_lcd.o(i.SPI_LCD_BackColorSet), (12 bytes).
    Removing spi_lcd.o(i.SPI_LCD_CharDisplay), (24 bytes).
    Removing spi_lcd.o(i.SPI_LCD_CharDraw), (84 bytes).
    Removing spi_lcd.o(i.SPI_LCD_CircleDraw), (236 bytes).
    Removing spi_lcd.o(i.SPI_LCD_Clear), (36 bytes).
    Removing spi_lcd.o(i.SPI_LCD_Config), (628 bytes).
    Removing spi_lcd.o(i.SPI_LCD_DisplayOff), (8 bytes).
    Removing spi_lcd.o(i.SPI_LCD_DisplayOn), (8 bytes).
    Removing spi_lcd.o(i.SPI_LCD_Init), (204 bytes).
    Removing spi_lcd.o(i.SPI_LCD_LineDraw), (80 bytes).
    Removing spi_lcd.o(i.SPI_LCD_PicDraw), (82 bytes).
    Removing spi_lcd.o(i.SPI_LCD_ReadReg), (128 bytes).
    Removing spi_lcd.o(i.SPI_LCD_RectDraw), (66 bytes).
    Removing spi_lcd.o(i.SPI_LCD_StarterSet), (42 bytes).
    Removing spi_lcd.o(i.SPI_LCD_StringLineDisplay), (44 bytes).
    Removing spi_lcd.o(i.SPI_LCD_SysTick_Config), (28 bytes).
    Removing spi_lcd.o(i.SPI_LCD_TextColorSet), (12 bytes).
    Removing spi_lcd.o(i.SPI_LCD_TimingDelay), (20 bytes).
    Removing spi_lcd.o(i.SPI_LCD_WriteRAM), (106 bytes).
    Removing spi_lcd.o(i.SPI_LCD_WriteRAMPrior), (6 bytes).
    Removing spi_lcd.o(i.SPI_LCD_WriteRAMWord), (20 bytes).
    Removing spi_lcd.o(i.SPI_LCD_WriteReg), (110 bytes).
    Removing spi_lcd.o(i.SPI_LCD_WriteRegIndex), (86 bytes).
    Removing spi_lcd.o(i.SPI_LCD_delay), (40 bytes).
    Removing spi_lcd.o(.data), (4568 bytes).

563 unused section(s) (total 19496 bytes) removed from the image.

==============================================================================

Image Symbol Table

    Local Symbols

    Symbol Name                              Value     Ov Type        Size  Object(Section)

    RESET                                    0x00000000   Section      372  startup_ht32f175x_275x.o(RESET)
    ../clib/microlib/init/entry.s            0x00000000   Number         0  entry11b.o ABSOLUTE
    ../clib/microlib/init/entry.s            0x00000000   Number         0  entry11a.o ABSOLUTE
    ../clib/microlib/init/entry.s            0x00000000   Number         0  entry7a.o ABSOLUTE
    ../clib/microlib/init/entry.s            0x00000000   Number         0  entry5.o ABSOLUTE
    ../clib/microlib/init/entry.s            0x00000000   Number         0  entry.o ABSOLUTE
    ../clib/microlib/init/entry.s            0x00000000   Number         0  entry2.o ABSOLUTE
    ../clib/microlib/init/entry.s            0x00000000   Number         0  entry7b.o ABSOLUTE
    ../clib/microlib/init/entry.s            0x00000000   Number         0  entry8a.o ABSOLUTE
    ../clib/microlib/init/entry.s            0x00000000   Number         0  entry8b.o ABSOLUTE
    ../clib/microlib/init/entry.s            0x00000000   Number         0  entry9a.o ABSOLUTE
    ../clib/microlib/init/entry.s            0x00000000   Number         0  entry10b.o ABSOLUTE
    ../clib/microlib/init/entry.s            0x00000000   Number         0  entry9b.o ABSOLUTE
    ../clib/microlib/init/entry.s            0x00000000   Number         0  entry10a.o ABSOLUTE
    ../clib/microlib/stubs.s                 0x00000000   Number         0  useno.o ABSOLUTE
    ..\\library\\Device\\Holtek\\HT32F175x_275x\\Source\\system_ht32f175x_275x.c 0x00000000   Number         0  system_ht32f175x_275x.o ABSOLUTE
    ..\\library\\HT32F175x_275x_Driver\\src\\holtek_retarget.c 0x00000000   Number         0  holtek_retarget.o ABSOLUTE
    ..\\library\\HT32F175x_275x_Driver\\src\\ht32f175x_275x_adc.c 0x00000000   Number         0  ht32f175x_275x_adc.o ABSOLUTE
    ..\\library\\HT32F175x_275x_Driver\\src\\ht32f175x_275x_bftm.c 0x00000000   Number         0  ht32f175x_275x_bftm.o ABSOLUTE
    ..\\library\\HT32F175x_275x_Driver\\src\\ht32f175x_275x_ckcu.c 0x00000000   Number         0  ht32f175x_275x_ckcu.o ABSOLUTE
    ..\\library\\HT32F175x_275x_Driver\\src\\ht32f175x_275x_cmp_op.c 0x00000000   Number         0  ht32f175x_275x_cmp_op.o ABSOLUTE
    ..\\library\\HT32F175x_275x_Driver\\src\\ht32f175x_275x_exti.c 0x00000000   Number         0  ht32f175x_275x_exti.o ABSOLUTE
    ..\\library\\HT32F175x_275x_Driver\\src\\ht32f175x_275x_flash.c 0x00000000   Number         0  ht32f175x_275x_flash.o ABSOLUTE
    ..\\library\\HT32F175x_275x_Driver\\src\\ht32f175x_275x_gpio.c 0x00000000   Number         0  ht32f175x_275x_gpio.o ABSOLUTE
    ..\\library\\HT32F175x_275x_Driver\\src\\ht32f175x_275x_gptm.c 0x00000000   Number         0  ht32f175x_275x_gptm.o ABSOLUTE
    ..\\library\\HT32F175x_275x_Driver\\src\\ht32f175x_275x_i2c.c 0x00000000   Number         0  ht32f175x_275x_i2c.o ABSOLUTE
    ..\\library\\HT32F175x_275x_Driver\\src\\ht32f175x_275x_lib.c 0x00000000   Number         0  ht32f175x_275x_lib.o ABSOLUTE
    ..\\library\\HT32F175x_275x_Driver\\src\\ht32f175x_275x_mctm.c 0x00000000   Number         0  ht32f175x_275x_mctm.o ABSOLUTE
    ..\\library\\HT32F175x_275x_Driver\\src\\ht32f175x_275x_misc.c 0x00000000   Number         0  ht32f175x_275x_misc.o ABSOLUTE
    ..\\library\\HT32F175x_275x_Driver\\src\\ht32f175x_275x_pdma.c 0x00000000   Number         0  ht32f175x_275x_pdma.o ABSOLUTE
    ..\\library\\HT32F175x_275x_Driver\\src\\ht32f175x_275x_pwrcu.c 0x00000000   Number         0  ht32f175x_275x_pwrcu.o ABSOLUTE
    ..\\library\\HT32F175x_275x_Driver\\src\\ht32f175x_275x_rstcu.c 0x00000000   Number         0  ht32f175x_275x_rstcu.o ABSOLUTE
    ..\\library\\HT32F175x_275x_Driver\\src\\ht32f175x_275x_rtc.c 0x00000000   Number         0  ht32f175x_275x_rtc.o ABSOLUTE
    ..\\library\\HT32F175x_275x_Driver\\src\\ht32f175x_275x_sci.c 0x00000000   Number         0  ht32f175x_275x_sci.o ABSOLUTE
    ..\\library\\HT32F175x_275x_Driver\\src\\ht32f175x_275x_serial.c 0x00000000   Number         0  ht32f175x_275x_serial.o ABSOLUTE
    ..\\library\\HT32F175x_275x_Driver\\src\\ht32f175x_275x_spi.c 0x00000000   Number         0  ht32f175x_275x_spi.o ABSOLUTE
    ..\\library\\HT32F175x_275x_Driver\\src\\ht32f175x_275x_usart.c 0x00000000   Number         0  ht32f175x_275x_usart.o ABSOLUTE
    ..\\library\\HT32F175x_275x_Driver\\src\\ht32f175x_275x_usbd.c 0x00000000   Number         0  ht32f175x_275x_usbd.o ABSOLUTE
    ..\\library\\HT32F175x_275x_Driver\\src\\ht32f175x_275x_wdt.c 0x00000000   Number         0  ht32f175x_275x_wdt.o ABSOLUTE
    ..\\library\\HT32F175x_275x_Driver\\src\\ht32f275x_csif.c 0x00000000   Number         0  ht32f275x_csif.o ABSOLUTE
    ..\\src\\ht32f175x_275x_it.c             0x00000000   Number         0  ht32f175x_275x_it.o ABSOLUTE
    ..\\src\\main.c                          0x00000000   Number         0  main.o ABSOLUTE
    ..\\utilities\\HT32F1755_2755_DVB\\ht32f1755_2755_dvb.c 0x00000000   Number         0  ht32f1755_2755_dvb.o ABSOLUTE
    ..\\utilities\\HT32F1755_2755_DVB\\i2c_eeprom.c 0x00000000   Number         0  i2c_eeprom.o ABSOLUTE
    ..\\utilities\\HT32F1755_2755_DVB\\spi_flash.c 0x00000000   Number         0  spi_flash.o ABSOLUTE
    ..\\utilities\\HT32F1755_2755_DVB\\spi_lcd.c 0x00000000   Number         0  spi_lcd.o ABSOLUTE
    ..\library\Device\Holtek\HT32F175x_275x\Source\ARM\startup_ht32f175x_275x.s 0x00000000   Number         0  startup_ht32f175x_275x.o ABSOLUTE
    ..\library\Device\Holtek\HT32F175x_275x\Source\system_ht32f175x_275x.c 0x00000000   Number         0  system_ht32f175x_275x.o ABSOLUTE
    ..\library\HT32F175x_275x_Driver\src\holtek_retarget.c 0x00000000   Number         0  holtek_retarget.o ABSOLUTE
    ..\library\HT32F175x_275x_Driver\src\ht32f175x_275x_adc.c 0x00000000   Number         0  ht32f175x_275x_adc.o ABSOLUTE
    ..\library\HT32F175x_275x_Driver\src\ht32f175x_275x_bftm.c 0x00000000   Number         0  ht32f175x_275x_bftm.o ABSOLUTE
    ..\library\HT32F175x_275x_Driver\src\ht32f175x_275x_ckcu.c 0x00000000   Number         0  ht32f175x_275x_ckcu.o ABSOLUTE
    ..\library\HT32F175x_275x_Driver\src\ht32f175x_275x_cmp_op.c 0x00000000   Number         0  ht32f175x_275x_cmp_op.o ABSOLUTE
    ..\library\HT32F175x_275x_Driver\src\ht32f175x_275x_exti.c 0x00000000   Number         0  ht32f175x_275x_exti.o ABSOLUTE
    ..\library\HT32F175x_275x_Driver\src\ht32f175x_275x_flash.c 0x00000000   Number         0  ht32f175x_275x_flash.o ABSOLUTE
    ..\library\HT32F175x_275x_Driver\src\ht32f175x_275x_gpio.c 0x00000000   Number         0  ht32f175x_275x_gpio.o ABSOLUTE
    ..\library\HT32F175x_275x_Driver\src\ht32f175x_275x_gptm.c 0x00000000   Number         0  ht32f175x_275x_gptm.o ABSOLUTE
    ..\library\HT32F175x_275x_Driver\src\ht32f175x_275x_i2c.c 0x00000000   Number         0  ht32f175x_275x_i2c.o ABSOLUTE
    ..\library\HT32F175x_275x_Driver\src\ht32f175x_275x_lib.c 0x00000000   Number         0  ht32f175x_275x_lib.o ABSOLUTE
    ..\library\HT32F175x_275x_Driver\src\ht32f175x_275x_mctm.c 0x00000000   Number         0  ht32f175x_275x_mctm.o ABSOLUTE
    ..\library\HT32F175x_275x_Driver\src\ht32f175x_275x_misc.c 0x00000000   Number         0  ht32f175x_275x_misc.o ABSOLUTE
    ..\library\HT32F175x_275x_Driver\src\ht32f175x_275x_pdma.c 0x00000000   Number         0  ht32f175x_275x_pdma.o ABSOLUTE
    ..\library\HT32F175x_275x_Driver\src\ht32f175x_275x_pwrcu.c 0x00000000   Number         0  ht32f175x_275x_pwrcu.o ABSOLUTE
    ..\library\HT32F175x_275x_Driver\src\ht32f175x_275x_rstcu.c 0x00000000   Number         0  ht32f175x_275x_rstcu.o ABSOLUTE
    ..\library\HT32F175x_275x_Driver\src\ht32f175x_275x_rtc.c 0x00000000   Number         0  ht32f175x_275x_rtc.o ABSOLUTE
    ..\library\HT32F175x_275x_Driver\src\ht32f175x_275x_sci.c 0x00000000   Number         0  ht32f175x_275x_sci.o ABSOLUTE
    ..\library\HT32F175x_275x_Driver\src\ht32f175x_275x_serial.c 0x00000000   Number         0  ht32f175x_275x_serial.o ABSOLUTE
    ..\library\HT32F175x_275x_Driver\src\ht32f175x_275x_spi.c 0x00000000   Number         0  ht32f175x_275x_spi.o ABSOLUTE
    ..\library\HT32F175x_275x_Driver\src\ht32f175x_275x_usart.c 0x00000000   Number         0  ht32f175x_275x_usart.o ABSOLUTE
    ..\library\HT32F175x_275x_Driver\src\ht32f175x_275x_usbd.c 0x00000000   Number         0  ht32f175x_275x_usbd.o ABSOLUTE
    ..\library\HT32F175x_275x_Driver\src\ht32f175x_275x_wdt.c 0x00000000   Number         0  ht32f175x_275x_wdt.o ABSOLUTE
    ..\library\HT32F175x_275x_Driver\src\ht32f275x_csif.c 0x00000000   Number         0  ht32f275x_csif.o ABSOLUTE
    ..\src\ht32f175x_275x_it.c               0x00000000   Number         0  ht32f175x_275x_it.o ABSOLUTE
    ..\src\main.c                            0x00000000   Number         0  main.o ABSOLUTE
    ..\utilities\HT32F1755_2755_DVB\ht32f1755_2755_dvb.c 0x00000000   Number         0  ht32f1755_2755_dvb.o ABSOLUTE
    ..\utilities\HT32F1755_2755_DVB\i2c_eeprom.c 0x00000000   Number         0  i2c_eeprom.o ABSOLUTE
    ..\utilities\HT32F1755_2755_DVB\spi_flash.c 0x00000000   Number         0  spi_flash.o ABSOLUTE
    ..\utilities\HT32F1755_2755_DVB\spi_lcd.c 0x00000000   Number         0  spi_lcd.o ABSOLUTE
    dc.s                                     0x00000000   Number         0  dc.o ABSOLUTE
    handlers.s                               0x00000000   Number         0  handlers.o ABSOLUTE
    init.s                                   0x00000000   Number         0  init.o ABSOLUTE
    .ARM.Collect$$$$00000000                 0x00000174   Section        0  entry.o(.ARM.Collect$$$$00000000)
    .ARM.Collect$$$$00000001                 0x00000174   Section        4  entry2.o(.ARM.Collect$$$$00000001)
    .ARM.Collect$$$$00000004                 0x00000178   Section        4  entry5.o(.ARM.Collect$$$$00000004)
    .ARM.Collect$$$$00000008                 0x0000017c   Section        0  entry7b.o(.ARM.Collect$$$$00000008)
    .ARM.Collect$$$$0000000A                 0x0000017c   Section        0  entry8b.o(.ARM.Collect$$$$0000000A)
    .ARM.Collect$$$$0000000B                 0x0000017c   Section        8  entry9a.o(.ARM.Collect$$$$0000000B)
    .ARM.Collect$$$$0000000D                 0x00000184   Section        0  entry10a.o(.ARM.Collect$$$$0000000D)
    .ARM.Collect$$$$0000000F                 0x00000184   Section        0  entry11a.o(.ARM.Collect$$$$0000000F)
    .ARM.Collect$$$$00002712                 0x00000184   Section        4  entry2.o(.ARM.Collect$$$$00002712)
    __lit__00000000                          0x00000184   Data           4  entry2.o(.ARM.Collect$$$$00002712)
    .text                                    0x00000188   Section       36  init.o(.text)
    i.ADC_IRQHandler                         0x000001ac   Section        0  ht32f175x_275x_it.o(i.ADC_IRQHandler)
    i.BFTM0_IRQHandler                       0x000001ae   Section        0  ht32f175x_275x_it.o(i.BFTM0_IRQHandler)
    i.BFTM1_IRQHandler                       0x000001b0   Section        0  ht32f175x_275x_it.o(i.BFTM1_IRQHandler)
    i.BOD_IRQHandler                         0x000001b2   Section        0  ht32f175x_275x_it.o(i.BOD_IRQHandler)
    i.BusFault_Handler                       0x000001b4   Section        0  ht32f175x_275x_it.o(i.BusFault_Handler)
    i.CKCU_APBPerip0ClockConfig              0x000001b8   Section        0  ht32f175x_275x_ckcu.o(i.CKCU_APBPerip0ClockConfig)
    i.CKCU_APBPerip1ClockConfig              0x000001d0   Section        0  ht32f175x_275x_ckcu.o(i.CKCU_APBPerip1ClockConfig)
    i.CKRDY_IRQHandler                       0x000001e8   Section        0  ht32f175x_275x_it.o(i.CKRDY_IRQHandler)
    i.COMP_IRQHandler                        0x000001ea   Section        0  ht32f175x_275x_it.o(i.COMP_IRQHandler)
    i.CSIF_IRQHandler                        0x000001ec   Section        0  ht32f175x_275x_it.o(i.CSIF_IRQHandler)
    i.DebugMon_Handler                       0x000001ee   Section        0  ht32f175x_275x_it.o(i.DebugMon_Handler)
    i.DelayMS                                0x000001f0   Section        0  main.o(i.DelayMS)
    i.EVWUP_IRQHandler                       0x00000220   Section        0  ht32f175x_275x_it.o(i.EVWUP_IRQHandler)
    i.EXTI0_IRQHandler                       0x00000222   Section        0  ht32f175x_275x_it.o(i.EXTI0_IRQHandler)
    i.EXTI10_IRQHandler                      0x00000224   Section        0  ht32f175x_275x_it.o(i.EXTI10_IRQHandler)
    i.EXTI11_IRQHandler                      0x00000226   Section        0  ht32f175x_275x_it.o(i.EXTI11_IRQHandler)
    i.EXTI12_IRQHandler                      0x00000228   Section        0  ht32f175x_275x_it.o(i.EXTI12_IRQHandler)
    i.EXTI13_IRQHandler                      0x0000022a   Section        0  ht32f175x_275x_it.o(i.EXTI13_IRQHandler)
    i.EXTI14_IRQHandler                      0x0000022c   Section        0  ht32f175x_275x_it.o(i.EXTI14_IRQHandler)
    i.EXTI15_IRQHandler                      0x0000022e   Section        0  ht32f175x_275x_it.o(i.EXTI15_IRQHandler)
    i.EXTI1_IRQHandler                       0x00000230   Section        0  ht32f175x_275x_it.o(i.EXTI1_IRQHandler)
    i.EXTI2_IRQHandler                       0x00000232   Section        0  ht32f175x_275x_it.o(i.EXTI2_IRQHandler)
    i.EXTI3_IRQHandler                       0x00000234   Section        0  ht32f175x_275x_it.o(i.EXTI3_IRQHandler)
    i.EXTI4_IRQHandler                       0x00000236   Section        0  ht32f175x_275x_it.o(i.EXTI4_IRQHandler)
    i.EXTI5_IRQHandler                       0x00000238   Section        0  ht32f175x_275x_it.o(i.EXTI5_IRQHandler)
    i.EXTI6_IRQHandler                       0x0000023a   Section        0  ht32f175x_275x_it.o(i.EXTI6_IRQHandler)
    i.EXTI7_IRQHandler                       0x0000023c   Section        0  ht32f175x_275x_it.o(i.EXTI7_IRQHandler)
    i.EXTI8_IRQHandler                       0x0000023e   Section        0  ht32f175x_275x_it.o(i.EXTI8_IRQHandler)
    i.EXTI9_IRQHandler                       0x00000240   Section        0  ht32f175x_275x_it.o(i.EXTI9_IRQHandler)
    i.FLASH_IRQHandler                       0x00000242   Section        0  ht32f175x_275x_it.o(i.FLASH_IRQHandler)
    i.GPIO_DirectionConfig                   0x00000244   Section        0  ht32f175x_275x_gpio.o(i.GPIO_DirectionConfig)
    i.GPIO_WriteOutBits                      0x00000254   Section        0  ht32f175x_275x_gpio.o(i.GPIO_WriteOutBits)
    i.GPTM0_IRQHandler                       0x0000025e   Section        0  ht32f175x_275x_it.o(i.GPTM0_IRQHandler)
    i.GPTM1_IRQHandler                       0x00000260   Section        0  ht32f175x_275x_it.o(i.GPTM1_IRQHandler)
    i.GPTM_ClearFlag                         0x00000262   Section        0  ht32f175x_275x_gptm.o(i.GPTM_ClearFlag)
    i.GPTM_Cmd                               0x0000026c   Section        0  ht32f175x_275x_gptm.o(i.GPTM_Cmd)
    i.GPTM_Configuration                     0x00000280   Section        0  main.o(i.GPTM_Configuration)
    i.GPTM_GetFlagStatus                     0x000002c0   Section        0  ht32f175x_275x_gptm.o(i.GPTM_GetFlagStatus)
    i.GPTM_SetCounter                        0x000002ca   Section        0  ht32f175x_275x_gptm.o(i.GPTM_SetCounter)
    i.GPTM_TimeBaseInit                      0x000002d0   Section        0  ht32f175x_275x_gptm.o(i.GPTM_TimeBaseInit)
    i.HT32F_DVB_GPxConfig                    0x000002fc   Section        0  ht32f1755_2755_dvb.o(i.HT32F_DVB_GPxConfig)
    i.HardFault_Handler                      0x00000314   Section        0  ht32f175x_275x_it.o(i.HardFault_Handler)
    i.I2C0_IRQHandler                        0x00000316   Section        0  ht32f175x_275x_it.o(i.I2C0_IRQHandler)
    i.I2C1_IRQHandler                        0x00000318   Section        0  ht32f175x_275x_it.o(i.I2C1_IRQHandler)
    i.LPWUP_IRQHandler                       0x0000031a   Section        0  ht32f175x_275x_it.o(i.LPWUP_IRQHandler)
    i.LVD_IRQHandler                         0x0000031c   Section        0  ht32f175x_275x_it.o(i.LVD_IRQHandler)
    i.MCTMBRK_IRQHandler                     0x0000031e   Section        0  ht32f175x_275x_it.o(i.MCTMBRK_IRQHandler)
    i.MCTMCC_IRQHandler                      0x00000320   Section        0  ht32f175x_275x_it.o(i.MCTMCC_IRQHandler)
    i.MCTMTR_IRQHandler                      0x00000322   Section        0  ht32f175x_275x_it.o(i.MCTMTR_IRQHandler)
    i.MCTMUP_IRQHandler                      0x00000324   Section        0  ht32f175x_275x_it.o(i.MCTMUP_IRQHandler)
    i.MemManage_Handler                      0x00000326   Section        0  ht32f175x_275x_it.o(i.MemManage_Handler)
    i.NMI_Handler                            0x00000328   Section        0  ht32f175x_275x_it.o(i.NMI_Handler)
    i.PDMA_CH0_IRQHandler                    0x0000032a   Section        0  ht32f175x_275x_it.o(i.PDMA_CH0_IRQHandler)
    i.PDMA_CH10_IRQHandler                   0x0000032c   Section        0  ht32f175x_275x_it.o(i.PDMA_CH10_IRQHandler)
    i.PDMA_CH11_IRQHandler                   0x0000032e   Section        0  ht32f175x_275x_it.o(i.PDMA_CH11_IRQHandler)
    i.PDMA_CH1_IRQHandler                    0x00000330   Section        0  ht32f175x_275x_it.o(i.PDMA_CH1_IRQHandler)
    i.PDMA_CH2_IRQHandler                    0x00000332   Section        0  ht32f175x_275x_it.o(i.PDMA_CH2_IRQHandler)
    i.PDMA_CH3_IRQHandler                    0x00000334   Section        0  ht32f175x_275x_it.o(i.PDMA_CH3_IRQHandler)
    i.PDMA_CH4_IRQHandler                    0x00000336   Section        0  ht32f175x_275x_it.o(i.PDMA_CH4_IRQHandler)
    i.PDMA_CH5_IRQHandler                    0x00000338   Section        0  ht32f175x_275x_it.o(i.PDMA_CH5_IRQHandler)
    i.PDMA_CH6_IRQHandler                    0x0000033a   Section        0  ht32f175x_275x_it.o(i.PDMA_CH6_IRQHandler)
    i.PDMA_CH7_IRQHandler                    0x0000033c   Section        0  ht32f175x_275x_it.o(i.PDMA_CH7_IRQHandler)
    i.PDMA_CH8_IRQHandler                    0x0000033e   Section        0  ht32f175x_275x_it.o(i.PDMA_CH8_IRQHandler)
    i.PDMA_CH9_IRQHandler                    0x00000340   Section        0  ht32f175x_275x_it.o(i.PDMA_CH9_IRQHandler)
    i.PWRCU_CheckReadyAccessed               0x00000344   Section        0  ht32f175x_275x_pwrcu.o(i.PWRCU_CheckReadyAccessed)
    i.PendSV_Handler                         0x0000038c   Section        0  ht32f175x_275x_it.o(i.PendSV_Handler)
    i.RTC_IRQHandler                         0x0000038e   Section        0  ht32f175x_275x_it.o(i.RTC_IRQHandler)
    i.SCI_IRQHandler                         0x00000390   Section        0  ht32f175x_275x_it.o(i.SCI_IRQHandler)
    i.SPI0_IRQHandler                        0x00000392   Section        0  ht32f175x_275x_it.o(i.SPI0_IRQHandler)
    i.SPI1_IRQHandler                        0x00000394   Section        0  ht32f175x_275x_it.o(i.SPI1_IRQHandler)
    i.SVC_Handler                            0x00000396   Section        0  ht32f175x_275x_it.o(i.SVC_Handler)
    i.SysTick_Handler                        0x00000398   Section        0  ht32f175x_275x_it.o(i.SysTick_Handler)
    i.SystemInit                             0x0000039c   Section        0  system_ht32f175x_275x.o(i.SystemInit)
    i.USART0_IRQHandler                      0x000003fc   Section        0  ht32f175x_275x_it.o(i.USART0_IRQHandler)
    i.USART1_IRQHandler                      0x000003fe   Section        0  ht32f175x_275x_it.o(i.USART1_IRQHandler)
    i.USB_IRQHandler                         0x00000400   Section        0  ht32f175x_275x_it.o(i.USB_IRQHandler)
    i.UsageFault_Handler                     0x00000402   Section        0  ht32f175x_275x_it.o(i.UsageFault_Handler)
    i.WDT_IRQHandler                         0x00000404   Section        0  ht32f175x_275x_it.o(i.WDT_IRQHandler)
    i.__scatterload_copy                     0x00000406   Section       14  handlers.o(i.__scatterload_copy)
    i.__scatterload_null                     0x00000414   Section        2  handlers.o(i.__scatterload_null)
    i.__scatterload_zeroinit                 0x00000416   Section       14  handlers.o(i.__scatterload_zeroinit)
    i.main                                   0x00000424   Section        0  main.o(i.main)
    .constdata                               0x00000504   Section      168  ht32f1755_2755_dvb.o(.constdata)
    .data                                    0x20000000   Section        4  system_ht32f175x_275x.o(.data)
    STACK                                    0x20000008   Section      512  startup_ht32f175x_275x.o(STACK)

    Global Symbols

    Symbol Name                              Value     Ov Type        Size  Object(Section)

    BuildAttributes$$THM_ISAv4$P$D$K$B$S$PE$A:L22UL41UL21$X:L11$S22US41US21$IEEE1$IW$USESV6$~STKCKD$USESV7$~SHL$OSPACE$EBA8$MICROLIB$REQ8$PRES8$EABIv2 0x00000000   Number         0  anon$$obj.o ABSOLUTE
    __ARM_use_no_argv                        0x00000000   Number         0  main.o ABSOLUTE
    __Vectors                                0x00000000   Data           4  startup_ht32f175x_275x.o(RESET)
    __use_no_errno                           0x00000000   Number         0  useno.o ABSOLUTE
    __use_no_exception_handling              0x00000000   Number         0  useno.o ABSOLUTE
    __use_no_fp                              0x00000000   Number         0  useno.o ABSOLUTE
    __use_no_heap                            0x00000000   Number         0  useno.o ABSOLUTE
    __use_no_heap_region                     0x00000000   Number         0  useno.o ABSOLUTE
    __use_no_semihosting                     0x00000000   Number         0  useno.o ABSOLUTE
    __use_no_semihosting_swi                 0x00000000   Number         0  useno.o ABSOLUTE
    __use_no_signal_handling                 0x00000000   Number         0  useno.o ABSOLUTE
    __cpp_initialize__aeabi_                  - Undefined Weak Reference
    __cxa_finalize                            - Undefined Weak Reference
    __decompress                              - Undefined Weak Reference
    _clock_init                               - Undefined Weak Reference
    _microlib_exit                            - Undefined Weak Reference
    Reset_Handler                            0x00000151   Thumb Code     8  startup_ht32f175x_275x.o(RESET)
    __main                                   0x00000175   Thumb Code     0  entry.o(.ARM.Collect$$$$00000000)
    _main_stk                                0x00000175   Thumb Code     0  entry2.o(.ARM.Collect$$$$00000001)
    _main_scatterload                        0x00000179   Thumb Code     0  entry5.o(.ARM.Collect$$$$00000004)
    __main_after_scatterload                 0x0000017d   Thumb Code     0  entry5.o(.ARM.Collect$$$$00000004)
    _main_clock                              0x0000017d   Thumb Code     0  entry7b.o(.ARM.Collect$$$$00000008)
    _main_cpp_init                           0x0000017d   Thumb Code     0  entry8b.o(.ARM.Collect$$$$0000000A)
    _main_init                               0x0000017d   Thumb Code     0  entry9a.o(.ARM.Collect$$$$0000000B)
    __rt_final_cpp                           0x00000185   Thumb Code     0  entry10a.o(.ARM.Collect$$$$0000000D)
    __rt_final_exit                          0x00000185   Thumb Code     0  entry11a.o(.ARM.Collect$$$$0000000F)
    __scatterload                            0x00000189   Thumb Code    28  init.o(.text)
    __scatterload_rt2                        0x00000189   Thumb Code     0  init.o(.text)
    ADC_IRQHandler                           0x000001ad   Thumb Code     2  ht32f175x_275x_it.o(i.ADC_IRQHandler)
    BFTM0_IRQHandler                         0x000001af   Thumb Code     2  ht32f175x_275x_it.o(i.BFTM0_IRQHandler)
    BFTM1_IRQHandler                         0x000001b1   Thumb Code     2  ht32f175x_275x_it.o(i.BFTM1_IRQHandler)
    BOD_IRQHandler                           0x000001b3   Thumb Code     2  ht32f175x_275x_it.o(i.BOD_IRQHandler)
    BusFault_Handler                         0x000001b5   Thumb Code     2  ht32f175x_275x_it.o(i.BusFault_Handler)
    CKCU_APBPerip0ClockConfig                0x000001b9   Thumb Code    18  ht32f175x_275x_ckcu.o(i.CKCU_APBPerip0ClockConfig)
    CKCU_APBPerip1ClockConfig                0x000001d1   Thumb Code    18  ht32f175x_275x_ckcu.o(i.CKCU_APBPerip1ClockConfig)
    CKRDY_IRQHandler                         0x000001e9   Thumb Code     2  ht32f175x_275x_it.o(i.CKRDY_IRQHandler)
    COMP_IRQHandler                          0x000001eb   Thumb Code     2  ht32f175x_275x_it.o(i.COMP_IRQHandler)
    CSIF_IRQHandler                          0x000001ed   Thumb Code     2  ht32f175x_275x_it.o(i.CSIF_IRQHandler)
    DebugMon_Handler                         0x000001ef   Thumb Code     2  ht32f175x_275x_it.o(i.DebugMon_Handler)
    DelayMS                                  0x000001f1   Thumb Code    44  main.o(i.DelayMS)
    EVWUP_IRQHandler                         0x00000221   Thumb Code     2  ht32f175x_275x_it.o(i.EVWUP_IRQHandler)
    EXTI0_IRQHandler                         0x00000223   Thumb Code     2  ht32f175x_275x_it.o(i.EXTI0_IRQHandler)
    EXTI10_IRQHandler                        0x00000225   Thumb Code     2  ht32f175x_275x_it.o(i.EXTI10_IRQHandler)
    EXTI11_IRQHandler                        0x00000227   Thumb Code     2  ht32f175x_275x_it.o(i.EXTI11_IRQHandler)
    EXTI12_IRQHandler                        0x00000229   Thumb Code     2  ht32f175x_275x_it.o(i.EXTI12_IRQHandler)
    EXTI13_IRQHandler                        0x0000022b   Thumb Code     2  ht32f175x_275x_it.o(i.EXTI13_IRQHandler)
    EXTI14_IRQHandler                        0x0000022d   Thumb Code     2  ht32f175x_275x_it.o(i.EXTI14_IRQHandler)
    EXTI15_IRQHandler                        0x0000022f   Thumb Code     2  ht32f175x_275x_it.o(i.EXTI15_IRQHandler)
    EXTI1_IRQHandler                         0x00000231   Thumb Code     2  ht32f175x_275x_it.o(i.EXTI1_IRQHandler)
    EXTI2_IRQHandler                         0x00000233   Thumb Code     2  ht32f175x_275x_it.o(i.EXTI2_IRQHandler)
    EXTI3_IRQHandler                         0x00000235   Thumb Code     2  ht32f175x_275x_it.o(i.EXTI3_IRQHandler)
    EXTI4_IRQHandler                         0x00000237   Thumb Code     2  ht32f175x_275x_it.o(i.EXTI4_IRQHandler)
    EXTI5_IRQHandler                         0x00000239   Thumb Code     2  ht32f175x_275x_it.o(i.EXTI5_IRQHandler)
    EXTI6_IRQHandler                         0x0000023b   Thumb Code     2  ht32f175x_275x_it.o(i.EXTI6_IRQHandler)
    EXTI7_IRQHandler                         0x0000023d   Thumb Code     2  ht32f175x_275x_it.o(i.EXTI7_IRQHandler)
    EXTI8_IRQHandler                         0x0000023f   Thumb Code     2  ht32f175x_275x_it.o(i.EXTI8_IRQHandler)
    EXTI9_IRQHandler                         0x00000241   Thumb Code     2  ht32f175x_275x_it.o(i.EXTI9_IRQHandler)
    FLASH_IRQHandler                         0x00000243   Thumb Code     2  ht32f175x_275x_it.o(i.FLASH_IRQHandler)
    GPIO_DirectionConfig                     0x00000245   Thumb Code    16  ht32f175x_275x_gpio.o(i.GPIO_DirectionConfig)
    GPIO_WriteOutBits                        0x00000255   Thumb Code    10  ht32f175x_275x_gpio.o(i.GPIO_WriteOutBits)
    GPTM0_IRQHandler                         0x0000025f   Thumb Code     2  ht32f175x_275x_it.o(i.GPTM0_IRQHandler)
    GPTM1_IRQHandler                         0x00000261   Thumb Code     2  ht32f175x_275x_it.o(i.GPTM1_IRQHandler)
    GPTM_ClearFlag                           0x00000263   Thumb Code    10  ht32f175x_275x_gptm.o(i.GPTM_ClearFlag)
    GPTM_Cmd                                 0x0000026d   Thumb Code    20  ht32f175x_275x_gptm.o(i.GPTM_Cmd)
    GPTM_Configuration                       0x00000281   Thumb Code    54  main.o(i.GPTM_Configuration)
    GPTM_GetFlagStatus                       0x000002c1   Thumb Code    10  ht32f175x_275x_gptm.o(i.GPTM_GetFlagStatus)
    GPTM_SetCounter                          0x000002cb   Thumb Code     6  ht32f175x_275x_gptm.o(i.GPTM_SetCounter)
    GPTM_TimeBaseInit                        0x000002d1   Thumb Code    42  ht32f175x_275x_gptm.o(i.GPTM_TimeBaseInit)
    HT32F_DVB_GPxConfig                      0x000002fd   Thumb Code    18  ht32f1755_2755_dvb.o(i.HT32F_DVB_GPxConfig)
    HardFault_Handler                        0x00000315   Thumb Code     2  ht32f175x_275x_it.o(i.HardFault_Handler)
    I2C0_IRQHandler                          0x00000317   Thumb Code     2  ht32f175x_275x_it.o(i.I2C0_IRQHandler)
    I2C1_IRQHandler                          0x00000319   Thumb Code     2  ht32f175x_275x_it.o(i.I2C1_IRQHandler)
    LPWUP_IRQHandler                         0x0000031b   Thumb Code     2  ht32f175x_275x_it.o(i.LPWUP_IRQHandler)
    LVD_IRQHandler                           0x0000031d   Thumb Code     2  ht32f175x_275x_it.o(i.LVD_IRQHandler)
    MCTMBRK_IRQHandler                       0x0000031f   Thumb Code     2  ht32f175x_275x_it.o(i.MCTMBRK_IRQHandler)
    MCTMCC_IRQHandler                        0x00000321   Thumb Code     2  ht32f175x_275x_it.o(i.MCTMCC_IRQHandler)
    MCTMTR_IRQHandler                        0x00000323   Thumb Code     2  ht32f175x_275x_it.o(i.MCTMTR_IRQHandler)
    MCTMUP_IRQHandler                        0x00000325   Thumb Code     2  ht32f175x_275x_it.o(i.MCTMUP_IRQHandler)
    MemManage_Handler                        0x00000327   Thumb Code     2  ht32f175x_275x_it.o(i.MemManage_Handler)
    NMI_Handler                              0x00000329   Thumb Code     2  ht32f175x_275x_it.o(i.NMI_Handler)
    PDMA_CH0_IRQHandler                      0x0000032b   Thumb Code     2  ht32f175x_275x_it.o(i.PDMA_CH0_IRQHandler)
    PDMA_CH10_IRQHandler                     0x0000032d   Thumb Code     2  ht32f175x_275x_it.o(i.PDMA_CH10_IRQHandler)
    PDMA_CH11_IRQHandler                     0x0000032f   Thumb Code     2  ht32f175x_275x_it.o(i.PDMA_CH11_IRQHandler)
    PDMA_CH1_IRQHandler                      0x00000331   Thumb Code     2  ht32f175x_275x_it.o(i.PDMA_CH1_IRQHandler)
    PDMA_CH2_IRQHandler                      0x00000333   Thumb Code     2  ht32f175x_275x_it.o(i.PDMA_CH2_IRQHandler)
    PDMA_CH3_IRQHandler                      0x00000335   Thumb Code     2  ht32f175x_275x_it.o(i.PDMA_CH3_IRQHandler)
    PDMA_CH4_IRQHandler                      0x00000337   Thumb Code     2  ht32f175x_275x_it.o(i.PDMA_CH4_IRQHandler)
    PDMA_CH5_IRQHandler                      0x00000339   Thumb Code     2  ht32f175x_275x_it.o(i.PDMA_CH5_IRQHandler)
    PDMA_CH6_IRQHandler                      0x0000033b   Thumb Code     2  ht32f175x_275x_it.o(i.PDMA_CH6_IRQHandler)
    PDMA_CH7_IRQHandler                      0x0000033d   Thumb Code     2  ht32f175x_275x_it.o(i.PDMA_CH7_IRQHandler)
    PDMA_CH8_IRQHandler                      0x0000033f   Thumb Code     2  ht32f175x_275x_it.o(i.PDMA_CH8_IRQHandler)
    PDMA_CH9_IRQHandler                      0x00000341   Thumb Code     2  ht32f175x_275x_it.o(i.PDMA_CH9_IRQHandler)
    PWRCU_CheckReadyAccessed                 0x00000345   Thumb Code    60  ht32f175x_275x_pwrcu.o(i.PWRCU_CheckReadyAccessed)
    PendSV_Handler                           0x0000038d   Thumb Code     2  ht32f175x_275x_it.o(i.PendSV_Handler)
    RTC_IRQHandler                           0x0000038f   Thumb Code     2  ht32f175x_275x_it.o(i.RTC_IRQHandler)
    SCI_IRQHandler                           0x00000391   Thumb Code     2  ht32f175x_275x_it.o(i.SCI_IRQHandler)
    SPI0_IRQHandler                          0x00000393   Thumb Code     2  ht32f175x_275x_it.o(i.SPI0_IRQHandler)
    SPI1_IRQHandler                          0x00000395   Thumb Code     2  ht32f175x_275x_it.o(i.SPI1_IRQHandler)
    SVC_Handler                              0x00000397   Thumb Code     2  ht32f175x_275x_it.o(i.SVC_Handler)
    SysTick_Handler                          0x00000399   Thumb Code     2  ht32f175x_275x_it.o(i.SysTick_Handler)
    SystemInit                               0x0000039d   Thumb Code    84  system_ht32f175x_275x.o(i.SystemInit)
    USART0_IRQHandler                        0x000003fd   Thumb Code     2  ht32f175x_275x_it.o(i.USART0_IRQHandler)
    USART1_IRQHandler                        0x000003ff   Thumb Code     2  ht32f175x_275x_it.o(i.USART1_IRQHandler)
    USB_IRQHandler                           0x00000401   Thumb Code     2  ht32f175x_275x_it.o(i.USB_IRQHandler)
    UsageFault_Handler                       0x00000403   Thumb Code     2  ht32f175x_275x_it.o(i.UsageFault_Handler)
    WDT_IRQHandler                           0x00000405   Thumb Code     2  ht32f175x_275x_it.o(i.WDT_IRQHandler)
    __scatterload_copy                       0x00000407   Thumb Code    14  handlers.o(i.__scatterload_copy)
    __scatterload_null                       0x00000415   Thumb Code     2  handlers.o(i.__scatterload_null)
    __scatterload_zeroinit                   0x00000417   Thumb Code    14  handlers.o(i.__scatterload_zeroinit)
    main                                     0x00000425   Thumb Code   208  main.o(i.main)
    COM_TX_GPIO_ID                           0x00000504   Data           2  ht32f1755_2755_dvb.o(.constdata)
    COM_RX_GPIO_ID                           0x00000506   Data           2  ht32f1755_2755_dvb.o(.constdata)
    COM_CTS_GPIO_ID                          0x00000508   Data           2  ht32f1755_2755_dvb.o(.constdata)
    COM_RTS_GPIO_ID                          0x0000050a   Data           2  ht32f1755_2755_dvb.o(.constdata)
    LED_GPIO_ID                              0x0000050c   Data           3  ht32f1755_2755_dvb.o(.constdata)
    BUTTON_GPIO_ID                           0x0000050f   Data           3  ht32f1755_2755_dvb.o(.constdata)
    LED_GPIO_PIN                             0x00000512   Data           6  ht32f1755_2755_dvb.o(.constdata)
    BUTTON_GPIO_PIN                          0x00000518   Data           6  ht32f1755_2755_dvb.o(.constdata)
    COM_USART_CLK                            0x00000520   Data           8  ht32f1755_2755_dvb.o(.constdata)
    COM_TX_AFIO_MODE                         0x00000528   Data           8  ht32f1755_2755_dvb.o(.constdata)
    COM_TX_AFIO_PIN                          0x00000530   Data           8  ht32f1755_2755_dvb.o(.constdata)
    COM_RX_AFIO_MODE                         0x00000538   Data           8  ht32f1755_2755_dvb.o(.constdata)
    COM_RX_AFIO_PIN                          0x00000540   Data           8  ht32f1755_2755_dvb.o(.constdata)
    COM_CTS_AFIO_MODE                        0x00000548   Data           8  ht32f1755_2755_dvb.o(.constdata)
    COM_CTS_AFIO_PIN                         0x00000550   Data           8  ht32f1755_2755_dvb.o(.constdata)
    COM_RTS_AFIO_MODE                        0x00000558   Data           8  ht32f1755_2755_dvb.o(.constdata)
    COM_RTS_AFIO_PIN                         0x00000560   Data           8  ht32f1755_2755_dvb.o(.constdata)
    DVB_GpioClock                            0x00000568   Data          20  ht32f1755_2755_dvb.o(.constdata)
    LED_AFIO_MODE                            0x0000057c   Data          12  ht32f1755_2755_dvb.o(.constdata)
    LED_AFIO_PIN                             0x00000588   Data          12  ht32f1755_2755_dvb.o(.constdata)
    BUTTON_AFIO_MODE                         0x00000594   Data          12  ht32f1755_2755_dvb.o(.constdata)
    BUTTON_AFIO_PIN                          0x000005a0   Data          12  ht32f1755_2755_dvb.o(.constdata)
    Region$$Table$$Base                      0x000005ac   Number         0  anon$$obj.o(Region$$Table)
    Region$$Table$$Limit                     0x000005cc   Number         0  anon$$obj.o(Region$$Table)
    SystemCoreClock                          0x20000000   Data           4  system_ht32f175x_275x.o(.data)
    __initial_sp                             0x20000208   Data           0  startup_ht32f175x_275x.o(STACK)



==============================================================================

Memory Map of the image

  Image Entry point : 0x00000151

  Load Region LR_1 (Base: 0x00000000, Size: 0x000005d0, Max: 0xffffffff, ABSOLUTE)

    Execution Region ER_RO (Base: 0x00000000, Size: 0x000005cc, Max: 0xffffffff, ABSOLUTE)

    Base Addr    Size         Type   Attr      Idx    E Section Name        Object

    0x00000000   0x00000174   Code   RO          548  * RESET               startup_ht32f175x_275x.o
    0x00000174   0x00000000   Code   RO         4124  * .ARM.Collect$$$$00000000  mc_w.l(entry.o)
    0x00000174   0x00000004   Code   RO         4127    .ARM.Collect$$$$00000001  mc_w.l(entry2.o)
    0x00000178   0x00000004   Code   RO         4130    .ARM.Collect$$$$00000004  mc_w.l(entry5.o)
    0x0000017c   0x00000000   Code   RO         4132    .ARM.Collect$$$$00000008  mc_w.l(entry7b.o)
    0x0000017c   0x00000000   Code   RO         4134    .ARM.Collect$$$$0000000A  mc_w.l(entry8b.o)
    0x0000017c   0x00000008   Code   RO         4135    .ARM.Collect$$$$0000000B  mc_w.l(entry9a.o)
    0x00000184   0x00000000   Code   RO         4137    .ARM.Collect$$$$0000000D  mc_w.l(entry10a.o)
    0x00000184   0x00000000   Code   RO         4139    .ARM.Collect$$$$0000000F  mc_w.l(entry11a.o)
    0x00000184   0x00000004   Code   RO         4128    .ARM.Collect$$$$00002712  mc_w.l(entry2.o)
    0x00000188   0x00000024   Code   RO         4141    .text               mc_w.l(init.o)
    0x000001ac   0x00000002   Code   RO          150    i.ADC_IRQHandler    ht32f175x_275x_it.o
    0x000001ae   0x00000002   Code   RO          151    i.BFTM0_IRQHandler  ht32f175x_275x_it.o
    0x000001b0   0x00000002   Code   RO          152    i.BFTM1_IRQHandler  ht32f175x_275x_it.o
    0x000001b2   0x00000002   Code   RO          153    i.BOD_IRQHandler    ht32f175x_275x_it.o
    0x000001b4   0x00000002   Code   RO          154    i.BusFault_Handler  ht32f175x_275x_it.o
    0x000001b6   0x00000002   PAD
    0x000001b8   0x00000018   Code   RO          724    i.CKCU_APBPerip0ClockConfig  ht32f175x_275x_ckcu.o
    0x000001d0   0x00000018   Code   RO          725    i.CKCU_APBPerip1ClockConfig  ht32f175x_275x_ckcu.o
    0x000001e8   0x00000002   Code   RO          155    i.CKRDY_IRQHandler  ht32f175x_275x_it.o
    0x000001ea   0x00000002   Code   RO          156    i.COMP_IRQHandler   ht32f175x_275x_it.o
    0x000001ec   0x00000002   Code   RO          157    i.CSIF_IRQHandler   ht32f175x_275x_it.o
    0x000001ee   0x00000002   Code   RO          158    i.DebugMon_Handler  ht32f175x_275x_it.o
    0x000001f0   0x00000030   Code   RO            2    i.DelayMS           main.o
    0x00000220   0x00000002   Code   RO          159    i.EVWUP_IRQHandler  ht32f175x_275x_it.o
    0x00000222   0x00000002   Code   RO          160    i.EXTI0_IRQHandler  ht32f175x_275x_it.o
    0x00000224   0x00000002   Code   RO          161    i.EXTI10_IRQHandler  ht32f175x_275x_it.o
    0x00000226   0x00000002   Code   RO          162    i.EXTI11_IRQHandler  ht32f175x_275x_it.o
    0x00000228   0x00000002   Code   RO          163    i.EXTI12_IRQHandler  ht32f175x_275x_it.o
    0x0000022a   0x00000002   Code   RO          164    i.EXTI13_IRQHandler  ht32f175x_275x_it.o
    0x0000022c   0x00000002   Code   RO          165    i.EXTI14_IRQHandler  ht32f175x_275x_it.o
    0x0000022e   0x00000002   Code   RO          166    i.EXTI15_IRQHandler  ht32f175x_275x_it.o
    0x00000230   0x00000002   Code   RO          167    i.EXTI1_IRQHandler  ht32f175x_275x_it.o
    0x00000232   0x00000002   Code   RO          168    i.EXTI2_IRQHandler  ht32f175x_275x_it.o
    0x00000234   0x00000002   Code   RO          169    i.EXTI3_IRQHandler  ht32f175x_275x_it.o
    0x00000236   0x00000002   Code   RO          170    i.EXTI4_IRQHandler  ht32f175x_275x_it.o
    0x00000238   0x00000002   Code   RO          171    i.EXTI5_IRQHandler  ht32f175x_275x_it.o
    0x0000023a   0x00000002   Code   RO          172    i.EXTI6_IRQHandler  ht32f175x_275x_it.o
    0x0000023c   0x00000002   Code   RO          173    i.EXTI7_IRQHandler  ht32f175x_275x_it.o
    0x0000023e   0x00000002   Code   RO          174    i.EXTI8_IRQHandler  ht32f175x_275x_it.o
    0x00000240   0x00000002   Code   RO          175    i.EXTI9_IRQHandler  ht32f175x_275x_it.o
    0x00000242   0x00000002   Code   RO          176    i.FLASH_IRQHandler  ht32f175x_275x_it.o
    0x00000244   0x00000010   Code   RO         1237    i.GPIO_DirectionConfig  ht32f175x_275x_gpio.o
    0x00000254   0x0000000a   Code   RO         1250    i.GPIO_WriteOutBits  ht32f175x_275x_gpio.o
    0x0000025e   0x00000002   Code   RO          177    i.GPTM0_IRQHandler  ht32f175x_275x_it.o
    0x00000260   0x00000002   Code   RO          178    i.GPTM1_IRQHandler  ht32f175x_275x_it.o
    0x00000262   0x0000000a   Code   RO         1392    i.GPTM_ClearFlag    ht32f175x_275x_gptm.o
    0x0000026c   0x00000014   Code   RO         1395    i.GPTM_Cmd          ht32f175x_275x_gptm.o
    0x00000280   0x00000040   Code   RO            3    i.GPTM_Configuration  main.o
    0x000002c0   0x0000000a   Code   RO         1411    i.GPTM_GetFlagStatus  ht32f175x_275x_gptm.o
    0x000002ca   0x00000006   Code   RO         1430    i.GPTM_SetCounter   ht32f175x_275x_gptm.o
    0x000002d0   0x0000002a   Code   RO         1436    i.GPTM_TimeBaseInit  ht32f175x_275x_gptm.o
    0x000002fa   0x00000002   PAD
    0x000002fc   0x00000018   Code   RO         3749    i.HT32F_DVB_GPxConfig  ht32f1755_2755_dvb.o
    0x00000314   0x00000002   Code   RO          179    i.HardFault_Handler  ht32f175x_275x_it.o
    0x00000316   0x00000002   Code   RO          180    i.I2C0_IRQHandler   ht32f175x_275x_it.o
    0x00000318   0x00000002   Code   RO          181    i.I2C1_IRQHandler   ht32f175x_275x_it.o
    0x0000031a   0x00000002   Code   RO          182    i.LPWUP_IRQHandler  ht32f175x_275x_it.o
    0x0000031c   0x00000002   Code   RO          183    i.LVD_IRQHandler    ht32f175x_275x_it.o
    0x0000031e   0x00000002   Code   RO          184    i.MCTMBRK_IRQHandler  ht32f175x_275x_it.o
    0x00000320   0x00000002   Code   RO          185    i.MCTMCC_IRQHandler  ht32f175x_275x_it.o
    0x00000322   0x00000002   Code   RO          186    i.MCTMTR_IRQHandler  ht32f175x_275x_it.o
    0x00000324   0x00000002   Code   RO          187    i.MCTMUP_IRQHandler  ht32f175x_275x_it.o
    0x00000326   0x00000002   Code   RO          188    i.MemManage_Handler  ht32f175x_275x_it.o
    0x00000328   0x00000002   Code   RO          189    i.NMI_Handler       ht32f175x_275x_it.o
    0x0000032a   0x00000002   Code   RO          190    i.PDMA_CH0_IRQHandler  ht32f175x_275x_it.o
    0x0000032c   0x00000002   Code   RO          191    i.PDMA_CH10_IRQHandler  ht32f175x_275x_it.o
    0x0000032e   0x00000002   Code   RO          192    i.PDMA_CH11_IRQHandler  ht32f175x_275x_it.o
    0x00000330   0x00000002   Code   RO          193    i.PDMA_CH1_IRQHandler  ht32f175x_275x_it.o
    0x00000332   0x00000002   Code   RO          194    i.PDMA_CH2_IRQHandler  ht32f175x_275x_it.o
    0x00000334   0x00000002   Code   RO          195    i.PDMA_CH3_IRQHandler  ht32f175x_275x_it.o
    0x00000336   0x00000002   Code   RO          196    i.PDMA_CH4_IRQHandler  ht32f175x_275x_it.o
    0x00000338   0x00000002   Code   RO          197    i.PDMA_CH5_IRQHandler  ht32f175x_275x_it.o
    0x0000033a   0x00000002   Code   RO          198    i.PDMA_CH6_IRQHandler  ht32f175x_275x_it.o
    0x0000033c   0x00000002   Code   RO          199    i.PDMA_CH7_IRQHandler  ht32f175x_275x_it.o
    0x0000033e   0x00000002   Code   RO          200    i.PDMA_CH8_IRQHandler  ht32f175x_275x_it.o
    0x00000340   0x00000002   Code   RO          201    i.PDMA_CH9_IRQHandler  ht32f175x_275x_it.o
    0x00000342   0x00000002   PAD
    0x00000344   0x00000048   Code   RO         2468    i.PWRCU_CheckReadyAccessed  ht32f175x_275x_pwrcu.o
    0x0000038c   0x00000002   Code   RO          202    i.PendSV_Handler    ht32f175x_275x_it.o
    0x0000038e   0x00000002   Code   RO          203    i.RTC_IRQHandler    ht32f175x_275x_it.o
    0x00000390   0x00000002   Code   RO          204    i.SCI_IRQHandler    ht32f175x_275x_it.o
    0x00000392   0x00000002   Code   RO          205    i.SPI0_IRQHandler   ht32f175x_275x_it.o
    0x00000394   0x00000002   Code   RO          206    i.SPI1_IRQHandler   ht32f175x_275x_it.o
    0x00000396   0x00000002   Code   RO          207    i.SVC_Handler       ht32f175x_275x_it.o
    0x00000398   0x00000002   Code   RO          208    i.SysTick_Handler   ht32f175x_275x_it.o
    0x0000039a   0x00000002   PAD
    0x0000039c   0x00000060   Code   RO         3718    i.SystemInit        system_ht32f175x_275x.o
    0x000003fc   0x00000002   Code   RO          209    i.USART0_IRQHandler  ht32f175x_275x_it.o
    0x000003fe   0x00000002   Code   RO          210    i.USART1_IRQHandler  ht32f175x_275x_it.o
    0x00000400   0x00000002   Code   RO          211    i.USB_IRQHandler    ht32f175x_275x_it.o
    0x00000402   0x00000002   Code   RO          212    i.UsageFault_Handler  ht32f175x_275x_it.o
    0x00000404   0x00000002   Code   RO          213    i.WDT_IRQHandler    ht32f175x_275x_it.o
    0x00000406   0x0000000e   Code   RO         4145    i.__scatterload_copy  mc_w.l(handlers.o)
    0x00000414   0x00000002   Code   RO         4146    i.__scatterload_null  mc_w.l(handlers.o)
    0x00000416   0x0000000e   Code   RO         4147    i.__scatterload_zeroinit  mc_w.l(handlers.o)
    0x00000424   0x000000e0   Code   RO            4    i.main              main.o
    0x00000504   0x000000a8   Data   RO         3758    .constdata          ht32f1755_2755_dvb.o
    0x000005ac   0x00000020   Data   RO         4143    Region$$Table       anon$$obj.o


    Execution Region ER_RW (Base: 0x20000000, Size: 0x00000004, Max: 0xffffffff, ABSOLUTE)

    Base Addr    Size         Type   Attr      Idx    E Section Name        Object

    0x20000000   0x00000004   Data   RW         3719    .data               system_ht32f175x_275x.o


    Execution Region ER_ZI (Base: 0x20000004, Size: 0x00000204, Max: 0xffffffff, ABSOLUTE)

    Base Addr    Size         Type   Attr      Idx    E Section Name        Object

    0x20000004   0x00000004   PAD
    0x20000008   0x00000200   Zero   RW          546    STACK               startup_ht32f175x_275x.o


==============================================================================

Image component sizes


      Code (inc. data)   RO Data    RW Data    ZI Data      Debug   Object Name

        24          6        168          0          0      12678   ht32f1755_2755_dvb.o
        48         12          0          0          0       1248   ht32f175x_275x_ckcu.o
        26          0          0          0          0       1683   ht32f175x_275x_gpio.o
        88          0          0          0          0       4516   ht32f175x_275x_gptm.o
       128          0          0          0          0      27642   ht32f175x_275x_it.o
        72         12          0          0          0        735   ht32f175x_275x_pwrcu.o
       336         30          0          0          0      38140   main.o
       372        344          0          0        512        880   startup_ht32f175x_275x.o
        96         12          0          4          0       1891   system_ht32f175x_275x.o

    ----------------------------------------------------------------------
      1198        416        200          4        516      89413   Object Totals
         0          0         32          0          0          0   (incl. Generated)
         8          0          0          0          4          0   (incl. Padding)

    ----------------------------------------------------------------------

      Code (inc. data)   RO Data    RW Data    ZI Data      Debug   Library Member Name

         0          0          0          0          0          0   entry.o
         0          0          0          0          0          0   entry10a.o
         0          0          0          0          0          0   entry11a.o
         8          4          0          0          0          0   entry2.o
         4          0          0          0          0          0   entry5.o
         0          0          0          0          0          0   entry7b.o
         0          0          0          0          0          0   entry8b.o
         8          4          0          0          0          0   entry9a.o
        30          0          0          0          0          0   handlers.o
        36          8          0          0          0         68   init.o

    ----------------------------------------------------------------------
        86         16          0          0          0         68   Library Totals
         0          0          0          0          0          0   (incl. Padding)

    ----------------------------------------------------------------------

      Code (inc. data)   RO Data    RW Data    ZI Data      Debug   Library Name

        86         16          0          0          0         68   mc_w.l

    ----------------------------------------------------------------------
        86         16          0          0          0         68   Library Totals

    ----------------------------------------------------------------------

==============================================================================


      Code (inc. data)   RO Data    RW Data    ZI Data      Debug   

      1284        432        200          4        516      85785   Grand Totals
      1284        432        200          4        516      85785   ELF Image Totals
      1284        432        200          4          0          0   ROM Totals

==============================================================================

    Total RO  Size (Code + RO Data)                 1484 (   1.45kB)
    Total RW  Size (RW Data + ZI Data)               520 (   0.51kB)
    Total ROM Size (Code + RO Data + RW Data)       1488 (   1.45kB)

==============================================================================

